ARM Linker, 5.03 [Build 24] [MDK-ARM Lite]

==============================================================================

Section Cross References

    keil_freertos_startup_lpc17xx40xx.o(STACK) refers (Special) to heapauxi.o(.text) for __use_two_region_memory
    keil_freertos_startup_lpc17xx40xx.o(HEAP) refers (Special) to heapauxi.o(.text) for __use_two_region_memory
    keil_freertos_startup_lpc17xx40xx.o(RESET) refers (Special) to heapauxi.o(.text) for __use_two_region_memory
    keil_freertos_startup_lpc17xx40xx.o(RESET) refers to keil_freertos_startup_lpc17xx40xx.o(STACK) for __initial_sp
    keil_freertos_startup_lpc17xx40xx.o(RESET) refers to keil_freertos_startup_lpc17xx40xx.o(.text) for Reset_Handler
    keil_freertos_startup_lpc17xx40xx.o(RESET) refers to port.o(.emb_text) for vPortSVCHandler
    keil_freertos_startup_lpc17xx40xx.o(RESET) refers to port.o(i.xPortSysTickHandler) for xPortSysTickHandler
    keil_freertos_startup_lpc17xx40xx.o(RESET) refers to servodriver.o(i.PWM1_IRQHandler) for PWM1_IRQHandler
    keil_freertos_startup_lpc17xx40xx.o(.text) refers (Special) to heapauxi.o(.text) for __use_two_region_memory
    keil_freertos_startup_lpc17xx40xx.o(.text) refers to sysinit_lpc1766stk.o(i.SystemInit) for SystemInit
    keil_freertos_startup_lpc17xx40xx.o(.text) refers to __main.o(!!!main) for __main
    keil_freertos_startup_lpc17xx40xx.o(.text) refers to keil_freertos_startup_lpc17xx40xx.o(HEAP) for Heap_Mem
    keil_freertos_startup_lpc17xx40xx.o(.text) refers to keil_freertos_startup_lpc17xx40xx.o(STACK) for Stack_Mem
    main.o(i.main) refers to board_lpc1766stk.o(i.Board_Init) for Board_Init
    main.o(i.main) refers to board_lpc1766stk.o(i.Board_LED_Set) for Board_LED_Set
    main.o(i.main) refers to servodriver.o(i.vServoDriver_init) for vServoDriver_init
    main.o(i.main) refers to tasks.o(i.xTaskGenericCreate) for xTaskGenericCreate
    main.o(i.main) refers to tasks.o(i.vTaskStartScheduler) for vTaskStartScheduler
    main.o(i.main) refers to main.o(i.vLEDTask1) for vLEDTask1
    main.o(i.main) refers to main.o(i.vLEDTask2) for vLEDTask2
    main.o(i.main) refers to main.o(i.vUARTTask) for vUARTTask
    main.o(i.vLEDTask1) refers to board_lpc1766stk.o(i.Board_LED_Set) for Board_LED_Set
    main.o(i.vLEDTask1) refers to tasks.o(i.vTaskDelay) for vTaskDelay
    main.o(i.vLEDTask2) refers to board_lpc1766stk.o(i.Board_LED_Set) for Board_LED_Set
    main.o(i.vLEDTask2) refers to tasks.o(i.vTaskDelay) for vTaskDelay
    main.o(i.vUARTTask) refers to _printf_percent.o(.ARM.Collect$$_printf_percent$$00000000) for _printf_percent
    main.o(i.vUARTTask) refers to _printf_d.o(.ARM.Collect$$_printf_percent$$00000009) for _printf_d
    main.o(i.vUARTTask) refers to _printf_dec.o(.text) for _printf_int_dec
    main.o(i.vUARTTask) refers to noretval__2printf.o(.text) for __2printf
    main.o(i.vUARTTask) refers to tasks.o(i.vTaskDelay) for vTaskDelay
    servodriver.o(i.PWM1_IRQHandler) refers to servodriver.o(.data) for .data
    servodriver.o(i.PWM1_IRQHandler) refers to main.o(.bss) for prv_axServoOutputs
    servodriver.o(i.PWM1_IRQHandler) refers to board_lpc1766stk.o(.data) for SystemCoreClock
    servodriver.o(i.PWM1_IRQHandler) refers to servodriver.o(.bss) for .bss
    servodriver.o(i.prv_vServoDriver_pwmInit) refers to board_lpc1766stk.o(.data) for SystemCoreClock
    servodriver.o(i.vServoDriver_init) refers to servodriver.o(i.prv_vServoDriver_pwmInit) for prv_vServoDriver_pwmInit
    servodriver.o(i.vServoDriver_init) refers to servodriver.o(.bss) for .bss
    servodriver.o(i.vServoDriver_setServoAngle) refers to f2d.o(x$fpl$f2d) for __aeabi_f2d
    servodriver.o(i.vServoDriver_setServoAngle) refers to dmul.o(x$fpl$dmul) for __aeabi_dmul
    servodriver.o(i.vServoDriver_setServoAngle) refers to ddiv.o(x$fpl$ddiv) for __aeabi_ddiv
    servodriver.o(i.vServoDriver_setServoAngle) refers to daddsub_clz.o(x$fpl$dadd) for __aeabi_dadd
    servodriver.o(i.vServoDriver_setServoAngle) refers to dfixu.o(x$fpl$dfixu) for __aeabi_d2uiz
    servodriver.o(i.vServoDriver_setServoAngle) refers to servodriver.o(.bss) for .bss
    servodriver.o(i.vServoDriver_setServoPosition) refers to servodriver.o(.bss) for .bss
    port.o(.emb_text) refers to tasks.o(i.vTaskSwitchContext) for vTaskSwitchContext
    port.o(.emb_text) refers to tasks.o(.data) for pxCurrentTCB
    port.o(i.vPortEnterCritical) refers to port.o(.emb_text) for ulPortSetInterruptMask
    port.o(i.vPortEnterCritical) refers to port.o(.data) for .data
    port.o(i.vPortExitCritical) refers to port.o(.emb_text) for vPortClearInterruptMask
    port.o(i.vPortExitCritical) refers to port.o(.data) for .data
    port.o(i.vPortSetupTimerInterrupt) refers to board_lpc1766stk.o(.data) for SystemCoreClock
    port.o(i.vPortSetupTimerInterrupt) refers to port.o(.data) for .data
    port.o(i.vPortSuppressTicksAndSleep) refers to tasks.o(i.vTaskStepTick) for vTaskStepTick
[...]

==============================================================================

Image Symbol Table

    Local Symbols

    Symbol Name                              Value     Ov Type        Size  Object(Section)

    RESET                                    0x00000000   Section      204  keil_freertos_startup_lpc17xx40xx.o(RESET)
    ../clib/angel/boardlib.s                 0x00000000   Number         0  boardinit3.o ABSOLUTE
    ../clib/angel/boardlib.s                 0x00000000   Number         0  boardshut.o ABSOLUTE
    ../clib/angel/boardlib.s                 0x00000000   Number         0  boardinit2.o ABSOLUTE
    ../clib/angel/boardlib.s                 0x00000000   Number         0  boardinit1.o ABSOLUTE
    ../clib/angel/handlers.s                 0x00000000   Number         0  __scatter_zi.o ABSOLUTE
    ../clib/angel/handlers.s                 0x00000000   Number         0  __scatter_copy.o ABSOLUTE
    ../clib/angel/kernel.s                   0x00000000   Number         0  rtexit.o ABSOLUTE
    ../clib/angel/kernel.s                   0x00000000   Number         0  rtentry4.o ABSOLUTE
    ../clib/angel/kernel.s                   0x00000000   Number         0  rtentry2.o ABSOLUTE
    ../clib/angel/kernel.s                   0x00000000   Number         0  rtentry.o ABSOLUTE
    ../clib/angel/kernel.s                   0x00000000   Number         0  rtexit2.o ABSOLUTE
    ../clib/angel/rt.s                       0x00000000   Number         0  rt_div0.o ABSOLUTE
    ../clib/angel/rt.s                       0x00000000   Number         0  aeabi_ldiv0_sigfpe.o ABSOLUTE
    ../clib/angel/rt.s                       0x00000000   Number         0  rt_heap_descriptor.o ABSOLUTE
    ../clib/angel/rt.s                       0x00000000   Number         0  rt_heap_descriptor_intlibspace.o ABSOLUTE
    ../clib/angel/rt.s                       0x00000000   Number         0  aeabi_ldiv0.o ABSOLUTE
    ../clib/angel/rt.s                       0x00000000   Number         0  rt_raise.o ABSOLUTE
    ../clib/angel/scatter.s                  0x00000000   Number         0  __scatter.o ABSOLUTE
    ../clib/angel/startup.s                  0x00000000   Number         0  __main.o ABSOLUTE
    ../clib/angel/sys.s                      0x00000000   Number         0  libspace.o ABSOLUTE
    ../clib/angel/sys.s                      0x00000000   Number         0  sys_stackheap_outer.o ABSOLUTE
    ../clib/angel/sys.s                      0x00000000   Number         0  mutex_dummy.o ABSOLUTE
    ../clib/angel/sys.s                      0x00000000   Number         0  indicate_semi.o ABSOLUTE
    ../clib/angel/sys.s                      0x00000000   Number         0  use_no_semi.o ABSOLUTE
    ../clib/angel/sysapp.c                   0x00000000   Number         0  sys_command.o ABSOLUTE
    ../clib/angel/sysapp.c                   0x00000000   Number         0  sys_wrch.o ABSOLUTE
    ../clib/armsys.c                         0x00000000   Number         0  _get_argv.o ABSOLUTE
    ../clib/armsys.c                         0x00000000   Number         0  no_argv.o ABSOLUTE
    ../clib/armsys.c                         0x00000000   Number         0  _get_argv_nomalloc.o ABSOLUTE
    ../clib/armsys.c                         0x00000000   Number         0  argv_veneer.o ABSOLUTE
    ../clib/armsys.c                         0x00000000   Number         0  argv_veneer.o ABSOLUTE
    ../clib/heap1.c                          0x00000000   Number         0  h1_alloc_mt.o ABSOLUTE
    ../clib/heap1.c                          0x00000000   Number         0  h1_free_mt.o ABSOLUTE
    ../clib/heap1.c                          0x00000000   Number         0  h1_final_mt.o ABSOLUTE
    ../clib/heap1.c                          0x00000000   Number         0  h1_final.o ABSOLUTE
    ../clib/heap1.c                          0x00000000   Number         0  h1_free.o ABSOLUTE
    ../clib/heap1.c                          0x00000000   Number         0  h1_init_mt.o ABSOLUTE
    ../clib/heap1.c                          0x00000000   Number         0  h1_init.o ABSOLUTE
    ../clib/heap1.c                          0x00000000   Number         0  h1_alloc.o ABSOLUTE
    ../clib/heap1.c                          0x00000000   Number         0  h1_extend_mt.o ABSOLUTE
    ../clib/heap1.c                          0x00000000   Number         0  h1_extend.o ABSOLUTE
    ../clib/heap2.c                          0x00000000   Number         0  heap2.o ABSOLUTE
    ../clib/heap2.c                          0x00000000   Number         0  fdtree.o ABSOLUTE
    ../clib/heap2.c                          0x00000000   Number         0  heap2mt.o ABSOLUTE
    ../clib/heapalloc.c                      0x00000000   Number         0  heapstubs.o ABSOLUTE
    ../clib/heapalloc.c                      0x00000000   Number         0  init_alloc.o ABSOLUTE
    ../clib/heapalloc.c                      0x00000000   Number         0  free.o ABSOLUTE
    ../clib/heapalloc.c                      0x00000000   Number         0  malloc.o ABSOLUTE
    ../clib/heapalloc.c                      0x00000000   Number         0  hrguard.o ABSOLUTE
    ../clib/heapalloc.c                      0x00000000   Number         0  term_alloc.o ABSOLUTE
    ../clib/heapalloc.c                      0x00000000   Number         0  hguard.o ABSOLUTE
    ../clib/heapalloc.c                      0x00000000   Number         0  maybetermalloc2.o ABSOLUTE
    ../clib/heapalloc.c                      0x00000000   Number         0  maybetermalloc2.o ABSOLUTE
    ../clib/heapalloc.c                      0x00000000   Number         0  maybetermalloc1.o ABSOLUTE
    ../clib/heapalloc.c                      0x00000000   Number         0  maybetermalloc1.o ABSOLUTE
    ../clib/heapaux.c                        0x00000000   Number         0  heapauxi.o ABSOLUTE
    ../clib/heapaux.c                        0x00000000   Number         0  heapauxa.o ABSOLUTE
    ../clib/libinit.s                        0x00000000   Number         0  libshutdown.o ABSOLUTE
    ../clib/libinit.s                        0x00000000   Number         0  libinit2.o ABSOLUTE
    ../clib/libinit.s                        0x00000000   Number         0  libinit.o ABSOLUTE
    ../clib/libinit.s                        0x00000000   Number         0  libshutdown2.o ABSOLUTE
    ../clib/longlong.s                       0x00000000   Number         0  lludivv7m.o ABSOLUTE
    ../clib/memcpset.s                       0x00000000   Number         0  rt_memcpy_v6.o ABSOLUTE
    ../clib/memcpset.s                       0x00000000   Number         0  rt_memcpy_w.o ABSOLUTE
    ../clib/memcpset.s                       0x00000000   Number         0  rt_memclr.o ABSOLUTE
    ../clib/memcpset.s                       0x00000000   Number         0  rt_memclr_w.o ABSOLUTE
    ../clib/memcpset.s                       0x00000000   Number         0  strncpy.o ABSOLUTE
    ../clib/memcpset.s                       0x00000000   Number         0  aeabi_memset.o ABSOLUTE
    ../clib/printf.c                         0x00000000   Number         0  __2printf.o ABSOLUTE
    ../clib/printf.c                         0x00000000   Number         0  _printf_char_file.o ABSOLUTE
    ../clib/printf.c                         0x00000000   Number         0  _printf_char.o ABSOLUTE
    ../clib/printf.c                         0x00000000   Number         0  _sputc.o ABSOLUTE
    ../clib/printf.c                         0x00000000   Number         0  _printf_char_common.o ABSOLUTE
    ../clib/printf.c                         0x00000000   Number         0  _printf_intcommon.o ABSOLUTE
    ../clib/printf.c                         0x00000000   Number         0  __printf_flags_ss_wp.o ABSOLUTE
    ../clib/printf.c                         0x00000000   Number         0  __printf_ss_wp.o ABSOLUTE
    ../clib/printf.c                         0x00000000   Number         0  __printf_flags_wp.o ABSOLUTE
    ../clib/printf.c                         0x00000000   Number         0  __printf_wp.o ABSOLUTE
    ../clib/printf.c                         0x00000000   Number         0  __printf_flags_ss.o ABSOLUTE
    ../clib/printf.c                         0x00000000   Number         0  __printf_ss.o ABSOLUTE
    ../clib/printf.c                         0x00000000   Number         0  __printf_nopercent.o ABSOLUTE
    ../clib/printf.c                         0x00000000   Number         0  __printf_flags.o ABSOLUTE
    ../clib/printf.c                         0x00000000   Number         0  _printf_dec.o ABSOLUTE
    ../clib/printf.c                         0x00000000   Number         0  _printf_str.o ABSOLUTE
    ../clib/printf.c                         0x00000000   Number         0  __printf.o ABSOLUTE
    ../clib/printf.c                         0x00000000   Number         0  noretval__2sprintf.o ABSOLUTE
    ../clib/printf.c                         0x00000000   Number         0  noretval__2printf.o ABSOLUTE
    ../clib/printf.c                         0x00000000   Number         0  __2sprintf.o ABSOLUTE
    ../clib/printf_percent.s                 0x00000000   Number         0  _printf_percent.o ABSOLUTE
    ../clib/printf_percent.s                 0x00000000   Number         0  _printf_percent_end.o ABSOLUTE
    ../clib/printf_percent.s                 0x00000000   Number         0  _printf_d.o ABSOLUTE
    ../clib/printf_percent.s                 0x00000000   Number         0  _printf_s.o ABSOLUTE
    ../clib/printf_percent.s                 0x00000000   Number         0  _printf_c.o ABSOLUTE
    ../clib/printf_percent.s                 0x00000000   Number         0  _printf_u.o ABSOLUTE
    ../clib/signal.c                         0x00000000   Number         0  defsig_abrt_inner.o ABSOLUTE
    ../clib/signal.c                         0x00000000   Number         0  defsig_rtmem_outer.o ABSOLUTE
    ../clib/signal.c                         0x00000000   Number         0  defsig_other.o ABSOLUTE
    ../clib/signal.c                         0x00000000   Number         0  defsig_segv_inner.o ABSOLUTE
    ../clib/signal.c                         0x00000000   Number         0  defsig_cppl_inner.o ABSOLUTE
    ../clib/signal.c                         0x00000000   Number         0  defsig_fpe_inner.o ABSOLUTE
    ../clib/signal.c                         0x00000000   Number         0  defsig_general.o ABSOLUTE
    ../clib/signal.c                         0x00000000   Number         0  __raise.o ABSOLUTE
    ../clib/signal.c                         0x00000000   Number         0  defsig_pvfn_inner.o ABSOLUTE
    ../clib/signal.c                         0x00000000   Number         0  defsig_exit.o ABSOLUTE
    ../clib/signal.c                         0x00000000   Number         0  defsig_stak_inner.o ABSOLUTE
    ../clib/signal.c                         0x00000000   Number         0  defsig_rtmem_inner.o ABSOLUTE
    ../clib/signal.c                         0x00000000   Number         0  defsig_fpe_formal.o ABSOLUTE
    ../clib/signal.c                         0x00000000   Number         0  defsig_fpe_outer.o ABSOLUTE
    ../clib/signal.c                         0x00000000   Number         0  defsig_rtred_inner.o ABSOLUTE
    ../clib/signal.c                         0x00000000   Number         0  defsig_rtmem_formal.o ABSOLUTE
    ../clib/signal.s                         0x00000000   Number         0  defsig.o ABSOLUTE
    ../clib/stdlib.c                         0x00000000   Number         0  exit.o ABSOLUTE
    ../clib/string.c                         0x00000000   Number         0  strcat.o ABSOLUTE
    ../fplib/daddsub.s                       0x00000000   Number         0  daddsub_clz.o ABSOLUTE
    ../fplib/ddiv.s                          0x00000000   Number         0  ddiv.o ABSOLUTE
    ../fplib/dfixu.s                         0x00000000   Number         0  dfixu.o ABSOLUTE
    ../fplib/dmul.s                          0x00000000   Number         0  dmul.o ABSOLUTE
    ../fplib/dnaninf.s                       0x00000000   Number         0  dnaninf.o ABSOLUTE
    ../fplib/dretinf.s                       0x00000000   Number         0  dretinf.o ABSOLUTE
    ../fplib/f2d.s                           0x00000000   Number         0  f2d.o ABSOLUTE
    ../fplib/fnaninf.s                       0x00000000   Number         0  fnaninf.o ABSOLUTE
    ../fplib/fpinit.s                        0x00000000   Number         0  fpinit.o ABSOLUTE
    ../fplib/usenofp.s                       0x00000000   Number         0  usenofp.o ABSOLUTE
    ..\\software\\freertos\\freertos\\Source\\croutine.c 0x00000000   Number         0  croutine.o ABSOLUTE
    ..\\software\\freertos\\freertos\\Source\\list.c 0x00000000   Number         0  list.o ABSOLUTE
    ..\\software\\freertos\\freertos\\Source\\portable\\MemMang\\heap_3.c 0x00000000   Number         0  heap_3.o ABSOLUTE
    ..\\software\\freertos\\freertos\\Source\\portable\\RVDS\\ARM_CM3\\port.c 0x00000000   Number         0  port.o ABSOLUTE
    ..\\software\\freertos\\freertos\\Source\\queue.c 0x00000000   Number         0  queue.o ABSOLUTE
    ..\\software\\freertos\\freertos\\Source\\tasks.c 0x00000000   Number         0  tasks.o ABSOLUTE
    ..\\software\\freertos\\freertos\\Source\\timers.c 0x00000000   Number         0  timers.o ABSOLUTE
    ..\\software\\freertos\\freertoslpc\\FreeRTOSCommonHooks.c 0x00000000   Number         0  freertoscommonhooks.o ABSOLUTE
    ..\\software\\lpc_core\\lpc_board\\boards_17xx_40xx\\LPC1766STK\\board_LPC1766STK.c 0x00000000   Number         0  board_lpc1766stk.o ABSOLUTE
    ..\\software\\lpc_core\\lpc_board\\boards_17xx_40xx\\LPC1766STK\\sysinit_LPC1766STK.c 0x00000000   Number         0  sysinit_lpc1766stk.o ABSOLUTE
    ..\\software\\lpc_core\\lpc_chip\\chip_17xx_40xx\\adc_17xx_40xx.c 0x00000000   Number         0  adc_17xx_40xx.o ABSOLUTE
    ..\\software\\lpc_core\\lpc_chip\\chip_17xx_40xx\\clock_17xx_40xx.c 0x00000000   Number         0  clock_17xx_40xx.o ABSOLUTE
    ..\\software\\lpc_core\\lpc_chip\\chip_17xx_40xx\\gpdma_17xx_40xx.c 0x00000000   Number         0  gpdma_17xx_40xx.o ABSOLUTE
    ..\\software\\lpc_core\\lpc_chip\\chip_17xx_40xx\\iocon_17xx_40xx.c 0x00000000   Number         0  iocon_17xx_40xx.o ABSOLUTE
    ..\\software\\lpc_core\\lpc_chip\\chip_17xx_40xx\\ritimer_17xx_40xx.c 0x00000000   Number         0  ritimer_17xx_40xx.o ABSOLUTE
    ..\\software\\lpc_core\\lpc_chip\\chip_17xx_40xx\\sysctl_17xx_40xx.c 0x00000000   Number         0  sysctl_17xx_40xx.o ABSOLUTE
    ..\\software\\lpc_core\\lpc_chip\\chip_17xx_40xx\\timer_17xx_40xx.c 0x00000000   Number         0  timer_17xx_40xx.o ABSOLUTE
    ..\\software\\lpc_core\\lpc_chip\\chip_17xx_40xx\\uart_17xx_40xx.c 0x00000000   Number         0  uart_17xx_40xx.o ABSOLUTE
    ..\\software\\lpc_core\\lpc_ip\\adc_001.c 0x00000000   Number         0  adc_001.o ABSOLUTE
    ..\\software\\lpc_core\\lpc_ip\\atimer_001.c 0x00000000   Number         0  atimer_001.o ABSOLUTE
    ..\\software\\lpc_core\\lpc_ip\\gpdma_001.c 0x00000000   Number         0  gpdma_001.o ABSOLUTE
    ..\\software\\lpc_core\\lpc_ip\\gpio_003.c 0x00000000   Number         0  gpio_003.o ABSOLUTE
    ..\\software\\lpc_core\\lpc_ip\\gpiogrpint_001.c 0x00000000   Number         0  gpiogrpint_001.o ABSOLUTE
    ..\\software\\lpc_core\\lpc_ip\\gpioint_001.c 0x00000000   Number         0  gpioint_001.o ABSOLUTE
    ..\\software\\lpc_core\\lpc_ip\\gpiopinint_001.c 0x00000000   Number         0  gpiopinint_001.o ABSOLUTE
    ..\\software\\lpc_core\\lpc_ip\\ritimer_001.c 0x00000000   Number         0  ritimer_001.o ABSOLUTE
    ..\\software\\lpc_core\\lpc_ip\\timer_001.c 0x00000000   Number         0  timer_001.o ABSOLUTE
    ..\\software\\lpc_core\\lpc_ip\\usart_001.c 0x00000000   Number         0  usart_001.o ABSOLUTE
    ..\software\freertos\freertos\Source\croutine.c 0x00000000   Number         0  croutine.o ABSOLUTE
    ..\software\freertos\freertos\Source\list.c 0x00000000   Number         0  list.o ABSOLUTE
    ..\software\freertos\freertos\Source\portable\MemMang\heap_3.c 0x00000000   Number         0  heap_3.o ABSOLUTE
    ..\software\freertos\freertos\Source\portable\RVDS\ARM_CM3\port.c 0x00000000   Number         0  port.o ABSOLUTE
    ..\software\freertos\freertos\Source\queue.c 0x00000000   Number         0  queue.o ABSOLUTE
    ..\software\freertos\freertos\Source\tasks.c 0x00000000   Number         0  tasks.o ABSOLUTE
    ..\software\freertos\freertos\Source\timers.c 0x00000000   Number         0  timers.o ABSOLUTE
    ..\software\freertos\freertoslpc\FreeRTOSCommonHooks.c 0x00000000   Number         0  freertoscommonhooks.o ABSOLUTE
    ..\software\lpc_core\lpc_board\boards_17xx_40xx\LPC1766STK\board_LPC1766STK.c 0x00000000   Number         0  board_lpc1766stk.o ABSOLUTE
    ..\software\lpc_core\lpc_board\boards_17xx_40xx\LPC1766STK\sysinit_LPC1766STK.c 0x00000000   Number         0  sysinit_lpc1766stk.o ABSOLUTE
    ..\software\lpc_core\lpc_chip\chip_17xx_40xx\adc_17xx_40xx.c 0x00000000   Number         0  adc_17xx_40xx.o ABSOLUTE
    ..\software\lpc_core\lpc_chip\chip_17xx_40xx\clock_17xx_40xx.c 0x00000000   Number         0  clock_17xx_40xx.o ABSOLUTE
    ..\software\lpc_core\lpc_chip\chip_17xx_40xx\gpdma_17xx_40xx.c 0x00000000   Number         0  gpdma_17xx_40xx.o ABSOLUTE
    ..\software\lpc_core\lpc_chip\chip_17xx_40xx\iocon_17xx_40xx.c 0x00000000   Number         0  iocon_17xx_40xx.o ABSOLUTE
    ..\software\lpc_core\lpc_chip\chip_17xx_40xx\ritimer_17xx_40xx.c 0x00000000   Number         0  ritimer_17xx_40xx.o ABSOLUTE
    ..\software\lpc_core\lpc_chip\chip_17xx_40xx\sysctl_17xx_40xx.c 0x00000000   Number         0  sysctl_17xx_40xx.o ABSOLUTE
    ..\software\lpc_core\lpc_chip\chip_17xx_40xx\timer_17xx_40xx.c 0x00000000   Number         0  timer_17xx_40xx.o ABSOLUTE
    ..\software\lpc_core\lpc_chip\chip_17xx_40xx\uart_17xx_40xx.c 0x00000000   Number         0  uart_17xx_40xx.o ABSOLUTE
    ..\software\lpc_core\lpc_chip\chip_common\mem_tests.c 0x00000000   Number         0  mem_tests.o ABSOLUTE
    ..\software\lpc_core\lpc_chip\chip_common\ring_buffer.c 0x00000000   Number         0  ring_buffer.o ABSOLUTE
    ..\software\lpc_core\lpc_ip\adc_001.c    0x00000000   Number         0  adc_001.o ABSOLUTE
    ..\software\lpc_core\lpc_ip\atimer_001.c 0x00000000   Number         0  atimer_001.o ABSOLUTE
    ..\software\lpc_core\lpc_ip\fpu_init.c   0x00000000   Number         0  fpu_init.o ABSOLUTE
    ..\software\lpc_core\lpc_ip\gpdma_001.c  0x00000000   Number         0  gpdma_001.o ABSOLUTE
    ..\software\lpc_core\lpc_ip\gpio_003.c   0x00000000   Number         0  gpio_003.o ABSOLUTE
    ..\software\lpc_core\lpc_ip\gpiogrpint_001.c 0x00000000   Number         0  gpiogrpint_001.o ABSOLUTE
    ..\software\lpc_core\lpc_ip\gpioint_001.c 0x00000000   Number         0  gpioint_001.o ABSOLUTE
    ..\software\lpc_core\lpc_ip\gpiopinint_001.c 0x00000000   Number         0  gpiopinint_001.o ABSOLUTE
    ..\software\lpc_core\lpc_ip\ritimer_001.c 0x00000000   Number         0  ritimer_001.o ABSOLUTE
    ..\software\lpc_core\lpc_ip\timer_001.c  0x00000000   Number         0  timer_001.o ABSOLUTE
    ..\software\lpc_core\lpc_ip\usart_001.c  0x00000000   Number         0  usart_001.o ABSOLUTE
    dc.s                                     0x00000000   Number         0  dc.o ABSOLUTE
    main.c                                   0x00000000   Number         0  main.o ABSOLUTE
    main.c                                   0x00000000   Number         0  main.o ABSOLUTE
    servodriver.c                            0x00000000   Number         0  servodriver.o ABSOLUTE
    servodriver.c                            0x00000000   Number         0  servodriver.o ABSOLUTE
    startup_code\\keil_freertos_startup_lpc17xx40xx.s 0x00000000   Number         0  keil_freertos_startup_lpc17xx40xx.o ABSOLUTE
    !!!main                                  0x000000cc   Section        8  __main.o(!!!main)
    !!!scatter                               0x000000d4   Section       52  __scatter.o(!!!scatter)
    !!handler_copy                           0x00000108   Section       26  __scatter_copy.o(!!handler_copy)
    !!handler_zi                             0x00000124   Section       28  __scatter_zi.o(!!handler_zi)
    .ARM.Collect$$_printf_percent$$00000000  0x00000140   Section        0  _printf_percent.o(.ARM.Collect$$_printf_percent$$00000000)
    .ARM.Collect$$_printf_percent$$00000009  0x00000140   Section        6  _printf_d.o(.ARM.Collect$$_printf_percent$$00000009)
    .ARM.Collect$$_printf_percent$$00000017  0x00000146   Section        4  _printf_percent_end.o(.ARM.Collect$$_printf_percent$$00000017)
    .ARM.Collect$$libinit$$00000000          0x0000014a   Section        2  libinit.o(.ARM.Collect$$libinit$$00000000)
    .ARM.Collect$$libinit$$00000002          0x0000014c   Section        0  libinit2.o(.ARM.Collect$$libinit$$00000002)
    .ARM.Collect$$libinit$$00000003          0x0000014c   Section        8  libinit2.o(.ARM.Collect$$libinit$$00000003)
    .ARM.Collect$$libinit$$00000008          0x00000154   Section        0  libinit2.o(.ARM.Collect$$libinit$$00000008)
    .ARM.Collect$$libinit$$0000000A          0x00000154   Section        0  libinit2.o(.ARM.Collect$$libinit$$0000000A)
    .ARM.Collect$$libinit$$0000000C          0x00000154   Section        0  libinit2.o(.ARM.Collect$$libinit$$0000000C)
    .ARM.Collect$$libinit$$0000000F          0x00000154   Section        0  libinit2.o(.ARM.Collect$$libinit$$0000000F)
    .ARM.Collect$$libinit$$00000011          0x00000154   Section        0  libinit2.o(.ARM.Collect$$libinit$$00000011)
    .ARM.Collect$$libinit$$00000013          0x00000154   Section        0  libinit2.o(.ARM.Collect$$libinit$$00000013)
    .ARM.Collect$$libinit$$00000015          0x00000154   Section        0  libinit2.o(.ARM.Collect$$libinit$$00000015)
    .ARM.Collect$$libinit$$00000017          0x00000154   Section        0  libinit2.o(.ARM.Collect$$libinit$$00000017)
    .ARM.Collect$$libinit$$00000019          0x00000154   Section        0  libinit2.o(.ARM.Collect$$libinit$$00000019)
    .ARM.Collect$$libinit$$0000001B          0x00000154   Section        0  libinit2.o(.ARM.Collect$$libinit$$0000001B)
    .ARM.Collect$$libinit$$0000001D          0x00000154   Section        0  libinit2.o(.ARM.Collect$$libinit$$0000001D)
    .ARM.Collect$$libinit$$0000001F          0x00000154   Section        0  libinit2.o(.ARM.Collect$$libinit$$0000001F)
    .ARM.Collect$$libinit$$00000021          0x00000154   Section        0  libinit2.o(.ARM.Collect$$libinit$$00000021)
    .ARM.Collect$$libinit$$00000023          0x00000154   Section        0  libinit2.o(.ARM.Collect$$libinit$$00000023)
    .ARM.Collect$$libinit$$0000002A          0x00000154   Section        0  libinit2.o(.ARM.Collect$$libinit$$0000002A)
    .ARM.Collect$$libinit$$0000002C          0x00000154   Section        0  libinit2.o(.ARM.Collect$$libinit$$0000002C)
    .ARM.Collect$$libinit$$0000002E          0x00000154   Section        0  libinit2.o(.ARM.Collect$$libinit$$0000002E)
    .ARM.Collect$$libinit$$00000030          0x00000154   Section        0  libinit2.o(.ARM.Collect$$libinit$$00000030)
    .ARM.Collect$$libinit$$00000031          0x00000154   Section        2  libinit2.o(.ARM.Collect$$libinit$$00000031)
    .ARM.Collect$$libshutdown$$00000000      0x00000156   Section        2  libshutdown.o(.ARM.Collect$$libshutdown$$00000000)
    .ARM.Collect$$libshutdown$$00000003      0x00000158   Section        0  libshutdown2.o(.ARM.Collect$$libshutdown$$00000003)
    .ARM.Collect$$libshutdown$$00000006      0x00000158   Section        0  libshutdown2.o(.ARM.Collect$$libshutdown$$00000006)
    .ARM.Collect$$libshutdown$$00000009      0x00000158   Section        0  libshutdown2.o(.ARM.Collect$$libshutdown$$00000009)
    .ARM.Collect$$libshutdown$$0000000B      0x00000158   Section        0  libshutdown2.o(.ARM.Collect$$libshutdown$$0000000B)
    .ARM.Collect$$libshutdown$$0000000E      0x00000158   Section        0  libshutdown2.o(.ARM.Collect$$libshutdown$$0000000E)
    .ARM.Collect$$libshutdown$$0000000F      0x00000158   Section        2  libshutdown2.o(.ARM.Collect$$libshutdown$$0000000F)
    .ARM.Collect$$rtentry$$00000000          0x0000015a   Section        0  rtentry.o(.ARM.Collect$$rtentry$$00000000)
    .ARM.Collect$$rtentry$$00000002          0x0000015a   Section        0  rtentry2.o(.ARM.Collect$$rtentry$$00000002)
    .ARM.Collect$$rtentry$$00000004          0x0000015a   Section        6  rtentry4.o(.ARM.Collect$$rtentry$$00000004)
    .ARM.Collect$$rtentry$$00000009          0x00000160   Section        0  rtentry2.o(.ARM.Collect$$rtentry$$00000009)
    .ARM.Collect$$rtentry$$0000000A          0x00000160   Section        4  rtentry2.o(.ARM.Collect$$rtentry$$0000000A)
    .ARM.Collect$$rtentry$$0000000C          0x00000164   Section        0  rtentry2.o(.ARM.Collect$$rtentry$$0000000C)
    .ARM.Collect$$rtentry$$0000000D          0x00000164   Section        8  rtentry2.o(.ARM.Collect$$rtentry$$0000000D)
    .ARM.Collect$$rtexit$$00000000           0x0000016c   Section        2  rtexit.o(.ARM.Collect$$rtexit$$00000000)
    .ARM.Collect$$rtexit$$00000002           0x0000016e   Section        0  rtexit2.o(.ARM.Collect$$rtexit$$00000002)
    .ARM.Collect$$rtexit$$00000003           0x0000016e   Section        4  rtexit2.o(.ARM.Collect$$rtexit$$00000003)
    .ARM.Collect$$rtexit$$00000004           0x00000172   Section        6  rtexit2.o(.ARM.Collect$$rtexit$$00000004)
    .emb_text                                0x00000178   Section      132  port.o(.emb_text)
    .emb_text                                0x000001fc   Section        0  maybetermalloc1.o(.emb_text)
    .text                                    0x000001fc   Section       68  keil_freertos_startup_lpc17xx40xx.o(.text)
    .text                                    0x00000240   Section        0  h1_alloc.o(.text)
    .text                                    0x0000029e   Section        0  h1_free.o(.text)
    .text                                    0x000002ec   Section      238  lludivv7m.o(.text)
    .text                                    0x000003dc   Section        0  noretval__2printf.o(.text)
    .text                                    0x000003f4   Section        0  __printf.o(.text)
    .text                                    0x0000045c   Section        0  _printf_dec.o(.text)
    .text                                    0x000004d4   Section       16  aeabi_memset.o(.text)
    .text                                    0x000004e4   Section       86  strncpy.o(.text)
    .text                                    0x0000053a   Section        0  heapauxi.o(.text)
    .text                                    0x00000540   Section        8  rt_heap_descriptor_intlibspace.o(.text)
    .text                                    0x00000548   Section        0  hguard.o(.text)
    .text                                    0x0000054c   Section        0  init_alloc.o(.text)
    .text                                    0x000005d6   Section        0  h1_init.o(.text)
    .text                                    0x000005e4   Section        0  _printf_intcommon.o(.text)
    .text                                    0x0000069c   Section        0  _printf_char_common.o(.text)
    _printf_input_char                       0x0000069d   Thumb Code    10  _printf_char_common.o(.text)
    .text                                    0x000006cc   Section        0  _printf_char_file.o(.text)
    .text                                    0x000006f0   Section       68  rt_memclr.o(.text)
    .text                                    0x00000734   Section        8  libspace.o(.text)
    .text                                    0x0000073c   Section        0  h1_extend.o(.text)
    .text                                    0x00000770   Section        0  defsig_rtmem_outer.o(.text)
    .text                                    0x0000077e   Section       78  rt_memclr_w.o(.text)
    .text                                    0x000007cc   Section        2  use_no_semi.o(.text)
    .text                                    0x000007ce   Section        0  indicate_semi.o(.text)
    .text                                    0x000007ce   Section       74  sys_stackheap_outer.o(.text)
    .text                                    0x00000818   Section        0  exit.o(.text)
    .text                                    0x00000824   Section        0  defsig_exit.o(.text)
    .text                                    0x00000830   Section        0  defsig_rtmem_inner.o(.text)
    .text                                    0x00000880   Section        0  defsig_general.o(.text)
    .text                                    0x000008b2   Section        0  sys_wrch.o(.text)
    i.Board_Buttons_Init                     0x000008c0   Section        0  board_lpc1766stk.o(i.Board_Buttons_Init)
    i.Board_Debug_Init                       0x000008e4   Section        0  board_lpc1766stk.o(i.Board_Debug_Init)
    i.Board_Init                             0x00000914   Section        0  board_lpc1766stk.o(i.Board_Init)
    i.Board_LED_Set                          0x00000944   Section        0  board_lpc1766stk.o(i.Board_LED_Set)
    i.Board_UARTPutChar                      0x00000970   Section        0  board_lpc1766stk.o(i.Board_UARTPutChar)
    i.Chip_Clock_DisablePLL                  0x00000988   Section        0  clock_17xx_40xx.o(i.Chip_Clock_DisablePLL)
    i.Chip_Clock_EnablePLL                   0x000009a0   Section        0  clock_17xx_40xx.o(i.Chip_Clock_EnablePLL)
    i.Chip_Clock_EnablePeriphClock           0x000009b8   Section        0  clock_17xx_40xx.o(i.Chip_Clock_EnablePeriphClock)
    i.Chip_Clock_FeedPLL                     0x000009cc   Section        0  clock_17xx_40xx.o(i.Chip_Clock_FeedPLL)
    Chip_Clock_FeedPLL                       0x000009cd   Thumb Code    18  clock_17xx_40xx.o(i.Chip_Clock_FeedPLL)
    i.Chip_Clock_GetCPUClockDiv              0x000009e4   Section        0  clock_17xx_40xx.o(i.Chip_Clock_GetCPUClockDiv)
    i.Chip_Clock_GetCPUClockSource           0x000009f4   Section        0  clock_17xx_40xx.o(i.Chip_Clock_GetCPUClockSource)
    i.Chip_Clock_GetMainClockRate            0x00000a08   Section        0  clock_17xx_40xx.o(i.Chip_Clock_GetMainClockRate)
    i.Chip_Clock_GetMainPllOutClockRate      0x00000a28   Section        0  clock_17xx_40xx.o(i.Chip_Clock_GetMainPllOutClockRate)
    i.Chip_Clock_GetPLCKDiv                  0x00000a60   Section        0  clock_17xx_40xx.o(i.Chip_Clock_GetPLCKDiv)
    i.Chip_Clock_GetPeripheralClockRate      0x00000aa0   Section        0  clock_17xx_40xx.o(i.Chip_Clock_GetPeripheralClockRate)
    i.Chip_Clock_GetSYSCLKRate               0x00000ab8   Section        0  clock_17xx_40xx.o(i.Chip_Clock_GetSYSCLKRate)
    i.Chip_Clock_GetSystemClockRate          0x00000ae8   Section        0  clock_17xx_40xx.o(i.Chip_Clock_GetSystemClockRate)
    i.Chip_Clock_SetCPUClockDiv              0x00000afc   Section        0  clock_17xx_40xx.o(i.Chip_Clock_SetCPUClockDiv)
    i.Chip_Clock_SetCPUClockSource           0x00000b08   Section        0  clock_17xx_40xx.o(i.Chip_Clock_SetCPUClockSource)
    i.Chip_Clock_SetupPLL                    0x00000b1c   Section        0  clock_17xx_40xx.o(i.Chip_Clock_SetupPLL)
    i.Chip_GPIO_WriteDirBit                  0x00000b3c   Section        0  board_lpc1766stk.o(i.Chip_GPIO_WriteDirBit)
    Chip_GPIO_WriteDirBit                    0x00000b3d   Thumb Code    22  board_lpc1766stk.o(i.Chip_GPIO_WriteDirBit)
    i.Chip_GPIO_WritePortBit                 0x00000b54   Section        0  board_lpc1766stk.o(i.Chip_GPIO_WritePortBit)
    Chip_GPIO_WritePortBit                   0x00000b55   Thumb Code    28  board_lpc1766stk.o(i.Chip_GPIO_WritePortBit)
    i.Chip_IOCON_PinMux                      0x00000b74   Section        0  iocon_17xx_40xx.o(i.Chip_IOCON_PinMux)
    i.Chip_UART_DetermineClk                 0x00000ba8   Section        0  uart_17xx_40xx.o(i.Chip_UART_DetermineClk)
    Chip_UART_DetermineClk                   0x00000ba9   Thumb Code    34  uart_17xx_40xx.o(i.Chip_UART_DetermineClk)
    i.Chip_UART_Get_UARTNum                  0x00000bd8   Section        0  uart_17xx_40xx.o(i.Chip_UART_Get_UARTNum)
    Chip_UART_Get_UARTNum                    0x00000bd9   Thumb Code    44  uart_17xx_40xx.o(i.Chip_UART_Get_UARTNum)
    i.Chip_UART_Init                         0x00000c14   Section        0  uart_17xx_40xx.o(i.Chip_UART_Init)
    i.Chip_UART_SetBaud                      0x00000c34   Section        0  uart_17xx_40xx.o(i.Chip_UART_SetBaud)
    i.Chip_UART_TxCmd                        0x00000c78   Section        0  uart_17xx_40xx.o(i.Chip_UART_TxCmd)
    i.IP_UART_ConfigData                     0x00000c90   Section        0  usart_001.o(i.IP_UART_ConfigData)
    i.IP_UART_Init                           0x00000ca2   Section        0  usart_001.o(i.IP_UART_Init)
    i.IP_UART_SendByte                       0x00000cea   Section        0  usart_001.o(i.IP_UART_SendByte)
    i.IP_UART_SetBaud                        0x00000cfa   Section        0  usart_001.o(i.IP_UART_SetBaud)
    i.IP_UART_TxCmd                          0x00000df6   Section        0  usart_001.o(i.IP_UART_TxCmd)
    i.PWM1_IRQHandler                        0x00000e08   Section        0  servodriver.o(i.PWM1_IRQHandler)
    i.SystemCoreClockUpdate                  0x00000ec4   Section        0  board_lpc1766stk.o(i.SystemCoreClockUpdate)
    i.SystemInit                             0x00000ed4   Section        0  sysinit_lpc1766stk.o(i.SystemInit)
    i.SystemSetupClocking                    0x00000f18   Section        0  sysinit_lpc1766stk.o(i.SystemSetupClocking)
    SystemSetupClocking                      0x00000f19   Thumb Code    94  sysinit_lpc1766stk.o(i.SystemSetupClocking)
    i._sys_exit                              0x00000f7c   Section        0  board_lpc1766stk.o(i._sys_exit)
    i.ferror                                 0x00000f7e   Section        0  board_lpc1766stk.o(i.ferror)
    i.fputc                                  0x00000f84   Section        0  board_lpc1766stk.o(i.fputc)
    i.main                                   0x00000f90   Section        0  main.o(i.main)
    i.prvAddCurrentTaskToDelayedList         0x0000101c   Section        0  tasks.o(i.prvAddCurrentTaskToDelayedList)
    prvAddCurrentTaskToDelayedList           0x0000101d   Thumb Code    48  tasks.o(i.prvAddCurrentTaskToDelayedList)
    i.prvCheckTasksWaitingTermination        0x00001050   Section        0  tasks.o(i.prvCheckTasksWaitingTermination)
    prvCheckTasksWaitingTermination          0x00001051   Thumb Code    76  tasks.o(i.prvCheckTasksWaitingTermination)
    i.prvGetExpectedIdleTime                 0x000010a4   Section        0  tasks.o(i.prvGetExpectedIdleTime)
    prvGetExpectedIdleTime                   0x000010a5   Thumb Code    28  tasks.o(i.prvGetExpectedIdleTime)
    i.prvIdleTask                            0x000010c8   Section        0  tasks.o(i.prvIdleTask)
    prvIdleTask                              0x000010c9   Thumb Code    52  tasks.o(i.prvIdleTask)
    i.prv_vServoDriver_pwmInit               0x00001100   Section        0  servodriver.o(i.prv_vServoDriver_pwmInit)
    i.pvPortMalloc                           0x00001150   Section        0  heap_3.o(i.pvPortMalloc)
    i.pxPortInitialiseStack                  0x00001168   Section        0  port.o(i.pxPortInitialiseStack)
    i.uxListRemove                           0x00001184   Section        0  list.o(i.uxListRemove)
    i.vApplicationIdleHook                   0x000011aa   Section        0  freertoscommonhooks.o(i.vApplicationIdleHook)
    i.vLEDTask1                              0x000011ae   Section        0  main.o(i.vLEDTask1)
    vLEDTask1                                0x000011af   Thumb Code    22  main.o(i.vLEDTask1)
    i.vLEDTask2                              0x000011c4   Section        0  main.o(i.vLEDTask2)
    vLEDTask2                                0x000011c5   Thumb Code    22  main.o(i.vLEDTask2)
    i.vListInitialise                        0x000011da   Section        0  list.o(i.vListInitialise)
    i.vListInitialiseItem                    0x000011f0   Section        0  list.o(i.vListInitialiseItem)
    i.vListInsert                            0x000011f6   Section        0  list.o(i.vListInsert)
    i.vListInsertEnd                         0x00001226   Section        0  list.o(i.vListInsertEnd)
    i.vPortEnterCritical                     0x00001244   Section        0  port.o(i.vPortEnterCritical)
    i.vPortExitCritical                      0x00001258   Section        0  port.o(i.vPortExitCritical)
    i.vPortFree                              0x0000126c   Section        0  heap_3.o(i.vPortFree)
    i.vPortSetupTimerInterrupt               0x00001288   Section        0  port.o(i.vPortSetupTimerInterrupt)
    i.vPortSuppressTicksAndSleep             0x000012c4   Section        0  port.o(i.vPortSuppressTicksAndSleep)
    i.vPortYieldFromISR                      0x00001358   Section        0  port.o(i.vPortYieldFromISR)
    i.vServoDriver_init                      0x00001368   Section        0  servodriver.o(i.vServoDriver_init)
    i.vTaskDelay                             0x0000138c   Section        0  tasks.o(i.vTaskDelay)
    i.vTaskIncrementTick                     0x000013c0   Section        0  tasks.o(i.vTaskIncrementTick)
    i.vTaskStartScheduler                    0x00001460   Section        0  tasks.o(i.vTaskStartScheduler)
    i.vTaskStepTick                          0x000014a4   Section        0  tasks.o(i.vTaskStepTick)
    i.vTaskSuspendAll                        0x000014b4   Section        0  tasks.o(i.vTaskSuspendAll)
    i.vTaskSwitchContext                     0x000014c4   Section        0  tasks.o(i.vTaskSwitchContext)
    i.vUARTTask                              0x00001510   Section        0  main.o(i.vUARTTask)
    vUARTTask                                0x00001511   Thumb Code    24  main.o(i.vUARTTask)
    i.xPortStartScheduler                    0x00001534   Section        0  port.o(i.xPortStartScheduler)
    i.xPortSysTickHandler                    0x00001564   Section        0  port.o(i.xPortSysTickHandler)
    i.xTaskGenericCreate                     0x00001594   Section        0  tasks.o(i.xTaskGenericCreate)
    i.xTaskResumeAll                         0x000016fc   Section        0  tasks.o(i.xTaskResumeAll)
    .constdata                               0x000017a4   Section       24  sysinit_lpc1766stk.o(.constdata)
    pinmuxing                                0x000017a4   Data          24  sysinit_lpc1766stk.o(.constdata)
    .data                                    0x10000000   Section        4  servodriver.o(.data)
    u32CurrentServoIndex                     0x10000000   Data           4  servodriver.o(.data)
    .data                                    0x10000004   Section       16  port.o(.data)
    uxCriticalNesting                        0x10000004   Data           4  port.o(.data)
    ulTimerReloadValueForOneTick             0x10000008   Data           4  port.o(.data)
    xMaximumPossibleSuppressedTicks          0x1000000c   Data           4  port.o(.data)
    ulStoppedTimerCompensation               0x10000010   Data           4  port.o(.data)
    .data                                    0x10000014   Section       60  tasks.o(.data)
    uxTasksDeleted                           0x10000018   Data           4  tasks.o(.data)
    uxCurrentNumberOfTasks                   0x1000001c   Data           4  tasks.o(.data)
    xTickCount                               0x10000020   Data           4  tasks.o(.data)
    uxTopUsedPriority                        0x10000024   Data           4  tasks.o(.data)
    uxTopReadyPriority                       0x10000028   Data           4  tasks.o(.data)
    xSchedulerRunning                        0x1000002c   Data           4  tasks.o(.data)
    uxSchedulerSuspended                     0x10000030   Data           4  tasks.o(.data)
    uxMissedTicks                            0x10000034   Data           4  tasks.o(.data)
    xMissedYield                             0x10000038   Data           4  tasks.o(.data)
    xNumOfOverflows                          0x1000003c   Data           4  tasks.o(.data)
    uxTaskNumber                             0x10000040   Data           4  tasks.o(.data)
    xNextTaskUnblockTime                     0x10000044   Data           4  tasks.o(.data)
    pxDelayedTaskList                        0x10000048   Data           4  tasks.o(.data)
    pxOverflowDelayedTaskList                0x1000004c   Data           4  tasks.o(.data)
    .data                                    0x10000050   Section        4  board_lpc1766stk.o(.data)
    .data                                    0x10000054   Section        4  board_lpc1766stk.o(.data)
    .bss                                     0x10000058   Section       80  main.o(.bss)
    .bss                                     0x100000a8   Section       80  servodriver.o(.bss)
    prv_au32ServoSerie1HighTime_us           0x100000a8   Data          40  servodriver.o(.bss)
    prv_au32ServoSerie2HighTime_us           0x100000d0   Data          40  servodriver.o(.bss)
    .bss                                     0x100000f8   Section      312  tasks.o(.bss)
    pcStatusString                           0x100000f8   Data          50  tasks.o(.bss)
    pxReadyTasksLists                        0x1000012c   Data         160  tasks.o(.bss)
    xDelayedTaskList1                        0x100001cc   Data          20  tasks.o(.bss)
    xDelayedTaskList2                        0x100001e0   Data          20  tasks.o(.bss)
    xPendingReadyList                        0x100001f4   Data          20  tasks.o(.bss)
    xTasksWaitingTermination                 0x10000208   Data          20  tasks.o(.bss)
    xSuspendedTaskList                       0x1000021c   Data          20  tasks.o(.bss)
    .bss                                     0x10000230   Section       96  libspace.o(.bss)
    HEAP                                     0x10000290   Section    12288  keil_freertos_startup_lpc17xx40xx.o(HEAP)
    Heap_Mem                                 0x10000290   Data       12288  keil_freertos_startup_lpc17xx40xx.o(HEAP)
    STACK                                    0x10003290   Section      512  keil_freertos_startup_lpc17xx40xx.o(STACK)
    Stack_Mem                                0x10003290   Data         512  keil_freertos_startup_lpc17xx40xx.o(STACK)
    __initial_sp                             0x10003490   Data           0  keil_freertos_startup_lpc17xx40xx.o(STACK)

    Global Symbols

    Symbol Name                              Value     Ov Type        Size  Object(Section)

    BuildAttributes$$THM_ISAv4$P$D$K$B$S$PE$A:L22UL41UL21$X:L11$S22US41US21$IEEE1$IW$USESV6$~STKCKD$USESV7$~SHL$OTIME$ROPI$EBA8$UX$STANDARDLIB$REQ8$PRES8$EABIv2 0x00000000   Number         0  anon$$obj.o ABSOLUTE
    __ARM_use_no_argv                        0x00000000   Number         0  main.o ABSOLUTE
    __Vectors                                0x00000000   Data           4  keil_freertos_startup_lpc17xx40xx.o(RESET)
    __ARM_exceptions_init                     - Undefined Weak Reference
    __alloca_initialize                       - Undefined Weak Reference
    __cpp_initialize__aeabi_                  - Undefined Weak Reference
    __cxa_finalize                            - Undefined Weak Reference
    __rt_locale                               - Undefined Weak Reference
    __sigvec_lookup                           - Undefined Weak Reference
    __user_heap_extent                        - Undefined Weak Reference
    _atexit_init                              - Undefined Weak Reference
    _call_atexit_fns                          - Undefined Weak Reference
    _clock_init                               - Undefined Weak Reference
    _fp_trap_init                             - Undefined Weak Reference
    _fp_trap_shutdown                         - Undefined Weak Reference
    _get_lc_collate                           - Undefined Weak Reference
    _get_lc_ctype                             - Undefined Weak Reference
    _get_lc_monetary                          - Undefined Weak Reference
    _get_lc_numeric                           - Undefined Weak Reference
    _get_lc_time                              - Undefined Weak Reference
    _getenv_init                              - Undefined Weak Reference
    _handle_redirection                       - Undefined Weak Reference
    _initio                                   - Undefined Weak Reference
    _mutex_acquire                            - Undefined Weak Reference
    _mutex_free                               - Undefined Weak Reference
    _mutex_release                            - Undefined Weak Reference
    _printf_mbtowc                            - Undefined Weak Reference
    _printf_post_padding                      - Undefined Weak Reference
    _printf_pre_padding                       - Undefined Weak Reference
    _printf_truncate_signed                   - Undefined Weak Reference
    _printf_truncate_unsigned                 - Undefined Weak Reference
    _rand_init                                - Undefined Weak Reference
    _signal_finish                            - Undefined Weak Reference
    _signal_init                              - Undefined Weak Reference
    _terminateio                              - Undefined Weak Reference
    __main                                   0x000000cd   Thumb Code     8  __main.o(!!!main)
    __scatterload                            0x000000d5   Thumb Code     0  __scatter.o(!!!scatter)
    __scatterload_rt2                        0x000000d5   Thumb Code    44  __scatter.o(!!!scatter)
    __scatterload_rt2_thumb_only             0x000000d5   Thumb Code     0  __scatter.o(!!!scatter)
    __scatterload_null                       0x000000e3   Thumb Code     0  __scatter.o(!!!scatter)
    __scatterload_copy                       0x00000109   Thumb Code    26  __scatter_copy.o(!!handler_copy)
    __scatterload_zeroinit                   0x00000125   Thumb Code    28  __scatter_zi.o(!!handler_zi)
    _printf_d                                0x00000141   Thumb Code     0  _printf_d.o(.ARM.Collect$$_printf_percent$$00000009)
    _printf_percent                          0x00000141   Thumb Code     0  _printf_percent.o(.ARM.Collect$$_printf_percent$$00000000)
    _printf_percent_end                      0x00000147   Thumb Code     0  _printf_percent_end.o(.ARM.Collect$$_printf_percent$$00000017)
    __rt_lib_init                            0x0000014b   Thumb Code     0  libinit.o(.ARM.Collect$$libinit$$00000000)
    __rt_lib_init_fp_1                       0x0000014d   Thumb Code     0  libinit2.o(.ARM.Collect$$libinit$$00000002)
    __rt_lib_init_heap_2                     0x0000014d   Thumb Code     0  libinit2.o(.ARM.Collect$$libinit$$00000003)
    __rt_lib_init_alloca_1                   0x00000155   Thumb Code     0  libinit2.o(.ARM.Collect$$libinit$$0000002C)
    __rt_lib_init_argv_1                     0x00000155   Thumb Code     0  libinit2.o(.ARM.Collect$$libinit$$0000002A)
    __rt_lib_init_atexit_1                   0x00000155   Thumb Code     0  libinit2.o(.ARM.Collect$$libinit$$00000019)
    __rt_lib_init_clock_1                    0x00000155   Thumb Code     0  libinit2.o(.ARM.Collect$$libinit$$0000001F)
    __rt_lib_init_cpp_1                      0x00000155   Thumb Code     0  libinit2.o(.ARM.Collect$$libinit$$00000030)
    __rt_lib_init_exceptions_1               0x00000155   Thumb Code     0  libinit2.o(.ARM.Collect$$libinit$$0000002E)
    __rt_lib_init_fp_trap_1                  0x00000155   Thumb Code     0  libinit2.o(.ARM.Collect$$libinit$$0000001D)
    __rt_lib_init_getenv_1                   0x00000155   Thumb Code     0  libinit2.o(.ARM.Collect$$libinit$$00000021)
    __rt_lib_init_heap_1                     0x00000155   Thumb Code     0  libinit2.o(.ARM.Collect$$libinit$$00000008)
    __rt_lib_init_lc_collate_1               0x00000155   Thumb Code     0  libinit2.o(.ARM.Collect$$libinit$$0000000F)
    __rt_lib_init_lc_ctype_1                 0x00000155   Thumb Code     0  libinit2.o(.ARM.Collect$$libinit$$00000011)
    __rt_lib_init_lc_monetary_1              0x00000155   Thumb Code     0  libinit2.o(.ARM.Collect$$libinit$$00000013)
    __rt_lib_init_lc_numeric_1               0x00000155   Thumb Code     0  libinit2.o(.ARM.Collect$$libinit$$00000015)
    __rt_lib_init_lc_time_1                  0x00000155   Thumb Code     0  libinit2.o(.ARM.Collect$$libinit$$00000017)
    __rt_lib_init_rand_1                     0x00000155   Thumb Code     0  libinit2.o(.ARM.Collect$$libinit$$0000000C)
    __rt_lib_init_return                     0x00000155   Thumb Code     0  libinit2.o(.ARM.Collect$$libinit$$00000031)
    __rt_lib_init_signal_1                   0x00000155   Thumb Code     0  libinit2.o(.ARM.Collect$$libinit$$0000001B)
    __rt_lib_init_stdio_1                    0x00000155   Thumb Code     0  libinit2.o(.ARM.Collect$$libinit$$00000023)
    __rt_lib_init_user_alloc_1               0x00000155   Thumb Code     0  libinit2.o(.ARM.Collect$$libinit$$0000000A)
    __rt_lib_shutdown                        0x00000157   Thumb Code     0  libshutdown.o(.ARM.Collect$$libshutdown$$00000000)
    __rt_lib_shutdown_fp_trap_1              0x00000159   Thumb Code     0  libshutdown2.o(.ARM.Collect$$libshutdown$$00000006)
    __rt_lib_shutdown_heap_1                 0x00000159   Thumb Code     0  libshutdown2.o(.ARM.Collect$$libshutdown$$0000000E)
    __rt_lib_shutdown_return                 0x00000159   Thumb Code     0  libshutdown2.o(.ARM.Collect$$libshutdown$$0000000F)
    __rt_lib_shutdown_signal_1               0x00000159   Thumb Code     0  libshutdown2.o(.ARM.Collect$$libshutdown$$00000009)
    __rt_lib_shutdown_stdio_1                0x00000159   Thumb Code     0  libshutdown2.o(.ARM.Collect$$libshutdown$$00000003)
    __rt_lib_shutdown_user_alloc_1           0x00000159   Thumb Code     0  libshutdown2.o(.ARM.Collect$$libshutdown$$0000000B)
    __rt_entry                               0x0000015b   Thumb Code     0  rtentry.o(.ARM.Collect$$rtentry$$00000000)
    __rt_entry_presh_1                       0x0000015b   Thumb Code     0  rtentry2.o(.ARM.Collect$$rtentry$$00000002)
    __rt_entry_sh                            0x0000015b   Thumb Code     0  rtentry4.o(.ARM.Collect$$rtentry$$00000004)
    __rt_entry_li                            0x00000161   Thumb Code     0  rtentry2.o(.ARM.Collect$$rtentry$$0000000A)
    __rt_entry_postsh_1                      0x00000161   Thumb Code     0  rtentry2.o(.ARM.Collect$$rtentry$$00000009)
    __rt_entry_main                          0x00000165   Thumb Code     0  rtentry2.o(.ARM.Collect$$rtentry$$0000000D)
    __rt_entry_postli_1                      0x00000165   Thumb Code     0  rtentry2.o(.ARM.Collect$$rtentry$$0000000C)
    __rt_exit                                0x0000016d   Thumb Code     0  rtexit.o(.ARM.Collect$$rtexit$$00000000)
    __rt_exit_ls                             0x0000016f   Thumb Code     0  rtexit2.o(.ARM.Collect$$rtexit$$00000003)
    __rt_exit_prels_1                        0x0000016f   Thumb Code     0  rtexit2.o(.ARM.Collect$$rtexit$$00000002)
    __rt_exit_exit                           0x00000173   Thumb Code     0  rtexit2.o(.ARM.Collect$$rtexit$$00000004)
    vPortSVCHandler                          0x00000179   Thumb Code    28  port.o(.emb_text)
    __asm___6_port_c_39a90d8d__prvStartFirstTask 0x00000199   Thumb Code    16  port.o(.emb_text)
    xPortPendSVHandler                       0x000001ad   Thumb Code    56  port.o(.emb_text)
    ulPortSetInterruptMask                   0x000001e9   Thumb Code    14  port.o(.emb_text)
    vPortClearInterruptMask                  0x000001f7   Thumb Code     6  port.o(.emb_text)
    Reset_Handler                            0x000001fd   Thumb Code     8  keil_freertos_startup_lpc17xx40xx.o(.text)
    _maybe_terminate_alloc                   0x000001fd   Thumb Code     0  maybetermalloc1.o(.emb_text)
    NMI_Handler                              0x00000205   Thumb Code     2  keil_freertos_startup_lpc17xx40xx.o(.text)
    HardFault_Handler                        0x00000207   Thumb Code     2  keil_freertos_startup_lpc17xx40xx.o(.text)
    MemManage_Handler                        0x00000209   Thumb Code     2  keil_freertos_startup_lpc17xx40xx.o(.text)
    BusFault_Handler                         0x0000020b   Thumb Code     2  keil_freertos_startup_lpc17xx40xx.o(.text)
    UsageFault_Handler                       0x0000020d   Thumb Code     2  keil_freertos_startup_lpc17xx40xx.o(.text)
    SVC_Handler                              0x0000020f   Thumb Code     2  keil_freertos_startup_lpc17xx40xx.o(.text)
    DebugMon_Handler                         0x00000211   Thumb Code     2  keil_freertos_startup_lpc17xx40xx.o(.text)
    PendSV_Handler                           0x00000213   Thumb Code     2  keil_freertos_startup_lpc17xx40xx.o(.text)
    SysTick_Handler                          0x00000215   Thumb Code     2  keil_freertos_startup_lpc17xx40xx.o(.text)
    UnHandled_Vector                         0x00000217   Thumb Code     2  keil_freertos_startup_lpc17xx40xx.o(.text)
    ADC_IRQHandler                           0x00000219   Thumb Code     0  keil_freertos_startup_lpc17xx40xx.o(.text)
    BOD_IRQHandler                           0x00000219   Thumb Code     0  keil_freertos_startup_lpc17xx40xx.o(.text)
    CANActivity_IRQHandler                   0x00000219   Thumb Code     0  keil_freertos_startup_lpc17xx40xx.o(.text)
    CAN_IRQHandler                           0x00000219   Thumb Code     0  keil_freertos_startup_lpc17xx40xx.o(.text)
    DMA_IRQHandler                           0x00000219   Thumb Code     0  keil_freertos_startup_lpc17xx40xx.o(.text)
    EINT0_IRQHandler                         0x00000219   Thumb Code     0  keil_freertos_startup_lpc17xx40xx.o(.text)
    EINT1_IRQHandler                         0x00000219   Thumb Code     0  keil_freertos_startup_lpc17xx40xx.o(.text)
    EINT2_IRQHandler                         0x00000219   Thumb Code     0  keil_freertos_startup_lpc17xx40xx.o(.text)
    EINT3_IRQHandler                         0x00000219   Thumb Code     0  keil_freertos_startup_lpc17xx40xx.o(.text)
    ETH_IRQHandler                           0x00000219   Thumb Code     0  keil_freertos_startup_lpc17xx40xx.o(.text)
    I2C0_IRQHandler                          0x00000219   Thumb Code     0  keil_freertos_startup_lpc17xx40xx.o(.text)
    I2C1_IRQHandler                          0x00000219   Thumb Code     0  keil_freertos_startup_lpc17xx40xx.o(.text)
    I2C2_IRQHandler                          0x00000219   Thumb Code     0  keil_freertos_startup_lpc17xx40xx.o(.text)
    I2S_IRQHandler                           0x00000219   Thumb Code     0  keil_freertos_startup_lpc17xx40xx.o(.text)
    MCPWM_IRQHandler                         0x00000219   Thumb Code     0  keil_freertos_startup_lpc17xx40xx.o(.text)
    PLL0_IRQHandler                          0x00000219   Thumb Code     0  keil_freertos_startup_lpc17xx40xx.o(.text)
    PLL1_IRQHandler                          0x00000219   Thumb Code     0  keil_freertos_startup_lpc17xx40xx.o(.text)
    QEI_IRQHandler                           0x00000219   Thumb Code     0  keil_freertos_startup_lpc17xx40xx.o(.text)
    RIT_IRQHandler                           0x00000219   Thumb Code     0  keil_freertos_startup_lpc17xx40xx.o(.text)
    RTC_IRQHandler                           0x00000219   Thumb Code     0  keil_freertos_startup_lpc17xx40xx.o(.text)
    SPI_IRQHandler                           0x00000219   Thumb Code     0  keil_freertos_startup_lpc17xx40xx.o(.text)
    SSP0_IRQHandler                          0x00000219   Thumb Code     0  keil_freertos_startup_lpc17xx40xx.o(.text)
    SSP1_IRQHandler                          0x00000219   Thumb Code     0  keil_freertos_startup_lpc17xx40xx.o(.text)
    TIMER0_IRQHandler                        0x00000219   Thumb Code     0  keil_freertos_startup_lpc17xx40xx.o(.text)
    TIMER1_IRQHandler                        0x00000219   Thumb Code     0  keil_freertos_startup_lpc17xx40xx.o(.text)
    TIMER2_IRQHandler                        0x00000219   Thumb Code     0  keil_freertos_startup_lpc17xx40xx.o(.text)
    TIMER3_IRQHandler                        0x00000219   Thumb Code     0  keil_freertos_startup_lpc17xx40xx.o(.text)
    UART0_IRQHandler                         0x00000219   Thumb Code     0  keil_freertos_startup_lpc17xx40xx.o(.text)
    UART1_IRQHandler                         0x00000219   Thumb Code     0  keil_freertos_startup_lpc17xx40xx.o(.text)
    UART2_IRQHandler                         0x00000219   Thumb Code     0  keil_freertos_startup_lpc17xx40xx.o(.text)
    UART3_IRQHandler                         0x00000219   Thumb Code     0  keil_freertos_startup_lpc17xx40xx.o(.text)
    USBActivity_IRQHandler                   0x00000219   Thumb Code     0  keil_freertos_startup_lpc17xx40xx.o(.text)
    USB_IRQHandler                           0x00000219   Thumb Code     0  keil_freertos_startup_lpc17xx40xx.o(.text)
    WDT_IRQHandler                           0x00000219   Thumb Code     0  keil_freertos_startup_lpc17xx40xx.o(.text)
    __user_initial_stackheap                 0x0000021d   Thumb Code     0  keil_freertos_startup_lpc17xx40xx.o(.text)
    malloc                                   0x00000241   Thumb Code    94  h1_alloc.o(.text)
    free                                     0x0000029f   Thumb Code    78  h1_free.o(.text)
    __aeabi_uldivmod                         0x000002ed   Thumb Code     0  lludivv7m.o(.text)
    _ll_udiv                                 0x000002ed   Thumb Code   238  lludivv7m.o(.text)
    __2printf                                0x000003dd   Thumb Code    20  noretval__2printf.o(.text)
    __printf                                 0x000003f5   Thumb Code   104  __printf.o(.text)
    _printf_int_dec                          0x0000045d   Thumb Code   102  _printf_dec.o(.text)
    __aeabi_memset                           0x000004d5   Thumb Code    16  aeabi_memset.o(.text)
    strncpy                                  0x000004e5   Thumb Code    86  strncpy.o(.text)
    __use_two_region_memory                  0x0000053b   Thumb Code     2  heapauxi.o(.text)
    __rt_heap_escrow                         0x0000053d   Thumb Code     2  heapauxi.o(.text)
    __rt_heap_expand                         0x0000053f   Thumb Code     2  heapauxi.o(.text)
    __rt_heap_descriptor                     0x00000541   Thumb Code     8  rt_heap_descriptor_intlibspace.o(.text)
    __use_no_heap                            0x00000549   Thumb Code     2  hguard.o(.text)
    __heap$guard                             0x0000054b   Thumb Code     2  hguard.o(.text)
    _terminate_user_alloc                    0x0000054d   Thumb Code     2  init_alloc.o(.text)
    _init_user_alloc                         0x0000054f   Thumb Code     2  init_alloc.o(.text)
    __Heap_Full                              0x00000551   Thumb Code    34  init_alloc.o(.text)
    __Heap_Broken                            0x00000573   Thumb Code     6  init_alloc.o(.text)
    _init_alloc                              0x00000579   Thumb Code    94  init_alloc.o(.text)
    __Heap_Initialize                        0x000005d7   Thumb Code    10  h1_init.o(.text)
    __Heap_DescSize                          0x000005e1   Thumb Code     4  h1_init.o(.text)
    _printf_int_common                       0x000005e5   Thumb Code   184  _printf_intcommon.o(.text)
    _printf_char_common                      0x000006a7   Thumb Code    32  _printf_char_common.o(.text)
    _printf_char_file                        0x000006cd   Thumb Code    32  _printf_char_file.o(.text)
    __aeabi_memclr                           0x000006f1   Thumb Code     0  rt_memclr.o(.text)
    __rt_memclr                              0x000006f1   Thumb Code    68  rt_memclr.o(.text)
    _memset                                  0x000006f5   Thumb Code     0  rt_memclr.o(.text)
    __user_libspace                          0x00000735   Thumb Code     8  libspace.o(.text)
    __user_perproc_libspace                  0x00000735   Thumb Code     0  libspace.o(.text)
    __user_perthread_libspace                0x00000735   Thumb Code     0  libspace.o(.text)
    __Heap_ProvideMemory                     0x0000073d   Thumb Code    52  h1_extend.o(.text)
    __rt_SIGRTMEM                            0x00000771   Thumb Code    14  defsig_rtmem_outer.o(.text)
    __aeabi_memclr4                          0x0000077f   Thumb Code     0  rt_memclr_w.o(.text)
    __aeabi_memclr8                          0x0000077f   Thumb Code     0  rt_memclr_w.o(.text)
    __rt_memclr_w                            0x0000077f   Thumb Code    78  rt_memclr_w.o(.text)
    _memset_w                                0x00000783   Thumb Code     0  rt_memclr_w.o(.text)
    __I$use$semihosting                      0x000007cd   Thumb Code     0  use_no_semi.o(.text)
    __use_no_semihosting_swi                 0x000007cd   Thumb Code     2  use_no_semi.o(.text)
    __semihosting_library_function           0x000007cf   Thumb Code     0  indicate_semi.o(.text)
    __user_setup_stackheap                   0x000007cf   Thumb Code    74  sys_stackheap_outer.o(.text)
    exit                                     0x00000819   Thumb Code    12  exit.o(.text)
    __sig_exit                               0x00000825   Thumb Code    10  defsig_exit.o(.text)
    __rt_SIGRTMEM_inner                      0x00000831   Thumb Code    22  defsig_rtmem_inner.o(.text)
    __default_signal_display                 0x00000881   Thumb Code    50  defsig_general.o(.text)
    _ttywrch                                 0x000008b3   Thumb Code    14  sys_wrch.o(.text)
    Board_Buttons_Init                       0x000008c1   Thumb Code    32  board_lpc1766stk.o(i.Board_Buttons_Init)
    Board_Debug_Init                         0x000008e5   Thumb Code    44  board_lpc1766stk.o(i.Board_Debug_Init)
    Board_Init                               0x00000915   Thumb Code    44  board_lpc1766stk.o(i.Board_Init)
    Board_LED_Set                            0x00000945   Thumb Code    38  board_lpc1766stk.o(i.Board_LED_Set)
    Board_UARTPutChar                        0x00000971   Thumb Code    20  board_lpc1766stk.o(i.Board_UARTPutChar)
    Chip_Clock_DisablePLL                    0x00000989   Thumb Code    18  clock_17xx_40xx.o(i.Chip_Clock_DisablePLL)
    Chip_Clock_EnablePLL                     0x000009a1   Thumb Code    18  clock_17xx_40xx.o(i.Chip_Clock_EnablePLL)
    Chip_Clock_EnablePeriphClock             0x000009b9   Thumb Code    14  clock_17xx_40xx.o(i.Chip_Clock_EnablePeriphClock)
    Chip_Clock_GetCPUClockDiv                0x000009e5   Thumb Code    10  clock_17xx_40xx.o(i.Chip_Clock_GetCPUClockDiv)
    Chip_Clock_GetCPUClockSource             0x000009f5   Thumb Code    16  clock_17xx_40xx.o(i.Chip_Clock_GetCPUClockSource)
    Chip_Clock_GetMainClockRate              0x00000a09   Thumb Code    32  clock_17xx_40xx.o(i.Chip_Clock_GetMainClockRate)
    Chip_Clock_GetMainPllOutClockRate        0x00000a29   Thumb Code    50  clock_17xx_40xx.o(i.Chip_Clock_GetMainPllOutClockRate)
    Chip_Clock_GetPLCKDiv                    0x00000a61   Thumb Code    60  clock_17xx_40xx.o(i.Chip_Clock_GetPLCKDiv)
    Chip_Clock_GetPeripheralClockRate        0x00000aa1   Thumb Code    22  clock_17xx_40xx.o(i.Chip_Clock_GetPeripheralClockRate)
    Chip_Clock_GetSYSCLKRate                 0x00000ab9   Thumb Code    36  clock_17xx_40xx.o(i.Chip_Clock_GetSYSCLKRate)
    Chip_Clock_GetSystemClockRate            0x00000ae9   Thumb Code    18  clock_17xx_40xx.o(i.Chip_Clock_GetSystemClockRate)
    Chip_Clock_SetCPUClockDiv                0x00000afd   Thumb Code     6  clock_17xx_40xx.o(i.Chip_Clock_SetCPUClockDiv)
    Chip_Clock_SetCPUClockSource             0x00000b09   Thumb Code    20  clock_17xx_40xx.o(i.Chip_Clock_SetCPUClockSource)
    Chip_Clock_SetupPLL                      0x00000b1d   Thumb Code    26  clock_17xx_40xx.o(i.Chip_Clock_SetupPLL)
    Chip_IOCON_PinMux                        0x00000b75   Thumb Code    50  iocon_17xx_40xx.o(i.Chip_IOCON_PinMux)
    Chip_UART_Init                           0x00000c15   Thumb Code    32  uart_17xx_40xx.o(i.Chip_UART_Init)
    Chip_UART_SetBaud                        0x00000c35   Thumb Code    56  uart_17xx_40xx.o(i.Chip_UART_SetBaud)
    Chip_UART_TxCmd                          0x00000c79   Thumb Code    24  uart_17xx_40xx.o(i.Chip_UART_TxCmd)
    IP_UART_ConfigData                       0x00000c91   Thumb Code    18  usart_001.o(i.IP_UART_ConfigData)
    IP_UART_Init                             0x00000ca3   Thumb Code    72  usart_001.o(i.IP_UART_Init)
    IP_UART_SendByte                         0x00000ceb   Thumb Code    16  usart_001.o(i.IP_UART_SendByte)
    IP_UART_SetBaud                          0x00000cfb   Thumb Code   252  usart_001.o(i.IP_UART_SetBaud)
    IP_UART_TxCmd                            0x00000df7   Thumb Code    16  usart_001.o(i.IP_UART_TxCmd)
    PWM1_IRQHandler                          0x00000e09   Thumb Code   162  servodriver.o(i.PWM1_IRQHandler)
    SystemCoreClockUpdate                    0x00000ec5   Thumb Code    12  board_lpc1766stk.o(i.SystemCoreClockUpdate)
    SystemInit                               0x00000ed5   Thumb Code    50  sysinit_lpc1766stk.o(i.SystemInit)
    _sys_exit                                0x00000f7d   Thumb Code     2  board_lpc1766stk.o(i._sys_exit)
    ferror                                   0x00000f7f   Thumb Code     6  board_lpc1766stk.o(i.ferror)
    fputc                                    0x00000f85   Thumb Code    12  board_lpc1766stk.o(i.fputc)
    main                                     0x00000f91   Thumb Code    92  main.o(i.main)
    prv_vServoDriver_pwmInit                 0x00001101   Thumb Code    68  servodriver.o(i.prv_vServoDriver_pwmInit)
    pvPortMalloc                             0x00001151   Thumb Code    24  heap_3.o(i.pvPortMalloc)
    pxPortInitialiseStack                    0x00001169   Thumb Code    28  port.o(i.pxPortInitialiseStack)
    uxListRemove                             0x00001185   Thumb Code    38  list.o(i.uxListRemove)
    vApplicationIdleHook                     0x000011ab   Thumb Code     4  freertoscommonhooks.o(i.vApplicationIdleHook)
    vListInitialise                          0x000011db   Thumb Code    22  list.o(i.vListInitialise)
    vListInitialiseItem                      0x000011f1   Thumb Code     6  list.o(i.vListInitialiseItem)
    vListInsert                              0x000011f7   Thumb Code    48  list.o(i.vListInsert)
    vListInsertEnd                           0x00001227   Thumb Code    28  list.o(i.vListInsertEnd)
    vPortEnterCritical                       0x00001245   Thumb Code    16  port.o(i.vPortEnterCritical)
    vPortExitCritical                        0x00001259   Thumb Code    16  port.o(i.vPortExitCritical)
    vPortFree                                0x0000126d   Thumb Code    26  heap_3.o(i.vPortFree)
    vPortSetupTimerInterrupt                 0x00001289   Thumb Code    52  port.o(i.vPortSetupTimerInterrupt)
    vPortSuppressTicksAndSleep               0x000012c5   Thumb Code   138  port.o(i.vPortSuppressTicksAndSleep)
    vPortYieldFromISR                        0x00001359   Thumb Code    10  port.o(i.vPortYieldFromISR)
    vServoDriver_init                        0x00001369   Thumb Code    30  servodriver.o(i.vServoDriver_init)
    vTaskDelay                               0x0000138d   Thumb Code    48  tasks.o(i.vTaskDelay)
    vTaskIncrementTick                       0x000013c1   Thumb Code   150  tasks.o(i.vTaskIncrementTick)
    vTaskStartScheduler                      0x00001461   Thumb Code    50  tasks.o(i.vTaskStartScheduler)
    vTaskStepTick                            0x000014a5   Thumb Code    10  tasks.o(i.vTaskStepTick)
    vTaskSuspendAll                          0x000014b5   Thumb Code    10  tasks.o(i.vTaskSuspendAll)
    vTaskSwitchContext                       0x000014c5   Thumb Code    66  tasks.o(i.vTaskSwitchContext)
    xPortStartScheduler                      0x00001535   Thumb Code    38  port.o(i.xPortStartScheduler)
    xPortSysTickHandler                      0x00001565   Thumb Code    38  port.o(i.xPortSysTickHandler)
    xTaskGenericCreate                       0x00001595   Thumb Code   352  tasks.o(i.xTaskGenericCreate)
    xTaskResumeAll                           0x000016fd   Thumb Code   158  tasks.o(i.xTaskResumeAll)
    Region$$Table$$Base                      0x000017bc   Number         0  anon$$obj.o(Region$$Table)
    Region$$Table$$Limit                     0x000017dc   Number         0  anon$$obj.o(Region$$Table)
    pxCurrentTCB                             0x10000014   Data           4  tasks.o(.data)
    __stdout                                 0x10000050   Data           4  board_lpc1766stk.o(.data)
    SystemCoreClock                          0x10000054   Data           4  board_lpc1766stk.o(.data)
    prv_axServoOutputs                       0x10000058   Data          80  main.o(.bss)
    __libspace_start                         0x10000230   Data          96  libspace.o(.bss)
    __temporary_stack_top$libspace           0x10000290   Data           0  libspace.o(.bss)



==============================================================================

Memory Map of the image

  Image Entry point : 0x000000cd

  Load Region LR_IROM1 (Base: 0x00000000, Size: 0x00001834, Max: 0x00040000, ABSOLUTE)

    Execution Region ER_IROM1 (Base: 0x00000000, Size: 0x000017dc, Max: 0x00040000, ABSOLUTE)

    Base Addr    Size         Type   Attr      Idx    E Section Name        Object

    0x00000000   0x000000cc   Data   RO            3    RESET               keil_freertos_startup_lpc17xx40xx.o
    0x000000cc   0x00000008   Code   RO         2443  * !!!main             c_w.l(__main.o)
    0x000000d4   0x00000034   Code   RO         2693    !!!scatter          c_w.l(__scatter.o)
    0x00000108   0x0000001a   Code   RO         2695    !!handler_copy      c_w.l(__scatter_copy.o)
    0x00000122   0x00000002   PAD
    0x00000124   0x0000001c   Code   RO         2697    !!handler_zi        c_w.l(__scatter_zi.o)
    0x00000140   0x00000000   Code   RO         2432    .ARM.Collect$$_printf_percent$$00000000  c_w.l(_printf_percent.o)
    0x00000140   0x00000006   Code   RO         2430    .ARM.Collect$$_printf_percent$$00000009  c_w.l(_printf_d.o)
    0x00000146   0x00000004   Code   RO         2505    .ARM.Collect$$_printf_percent$$00000017  c_w.l(_printf_percent_end.o)
    0x0000014a   0x00000002   Code   RO         2635    .ARM.Collect$$libinit$$00000000  c_w.l(libinit.o)
    0x0000014c   0x00000000   Code   RO         2513    .ARM.Collect$$libinit$$00000002  c_w.l(libinit2.o)
    0x0000014c   0x00000008   Code   RO         2514    .ARM.Collect$$libinit$$00000003  c_w.l(libinit2.o)
    0x00000154   0x00000000   Code   RO         2516    .ARM.Collect$$libinit$$00000008  c_w.l(libinit2.o)
    0x00000154   0x00000000   Code   RO         2518    .ARM.Collect$$libinit$$0000000A  c_w.l(libinit2.o)
    0x00000154   0x00000000   Code   RO         2520    .ARM.Collect$$libinit$$0000000C  c_w.l(libinit2.o)
    0x00000154   0x00000000   Code   RO         2523    .ARM.Collect$$libinit$$0000000F  c_w.l(libinit2.o)
    0x00000154   0x00000000   Code   RO         2525    .ARM.Collect$$libinit$$00000011  c_w.l(libinit2.o)
    0x00000154   0x00000000   Code   RO         2527    .ARM.Collect$$libinit$$00000013  c_w.l(libinit2.o)
    0x00000154   0x00000000   Code   RO         2529    .ARM.Collect$$libinit$$00000015  c_w.l(libinit2.o)
    0x00000154   0x00000000   Code   RO         2531    .ARM.Collect$$libinit$$00000017  c_w.l(libinit2.o)
    0x00000154   0x00000000   Code   RO         2533    .ARM.Collect$$libinit$$00000019  c_w.l(libinit2.o)
    0x00000154   0x00000000   Code   RO         2535    .ARM.Collect$$libinit$$0000001B  c_w.l(libinit2.o)
    0x00000154   0x00000000   Code   RO         2537    .ARM.Collect$$libinit$$0000001D  c_w.l(libinit2.o)
    0x00000154   0x00000000   Code   RO         2539    .ARM.Collect$$libinit$$0000001F  c_w.l(libinit2.o)
    0x00000154   0x00000000   Code   RO         2541    .ARM.Collect$$libinit$$00000021  c_w.l(libinit2.o)
    0x00000154   0x00000000   Code   RO         2543    .ARM.Collect$$libinit$$00000023  c_w.l(libinit2.o)
    0x00000154   0x00000000   Code   RO         2547    .ARM.Collect$$libinit$$0000002A  c_w.l(libinit2.o)
    0x00000154   0x00000000   Code   RO         2549    .ARM.Collect$$libinit$$0000002C  c_w.l(libinit2.o)
    0x00000154   0x00000000   Code   RO         2551    .ARM.Collect$$libinit$$0000002E  c_w.l(libinit2.o)
    0x00000154   0x00000000   Code   RO         2553    .ARM.Collect$$libinit$$00000030  c_w.l(libinit2.o)
    0x00000154   0x00000002   Code   RO         2554    .ARM.Collect$$libinit$$00000031  c_w.l(libinit2.o)
    0x00000156   0x00000002   Code   RO         2690    .ARM.Collect$$libshutdown$$00000000  c_w.l(libshutdown.o)
    0x00000158   0x00000000   Code   RO         2650    .ARM.Collect$$libshutdown$$00000003  c_w.l(libshutdown2.o)
    0x00000158   0x00000000   Code   RO         2653    .ARM.Collect$$libshutdown$$00000006  c_w.l(libshutdown2.o)
    0x00000158   0x00000000   Code   RO         2656    .ARM.Collect$$libshutdown$$00000009  c_w.l(libshutdown2.o)
    0x00000158   0x00000000   Code   RO         2658    .ARM.Collect$$libshutdown$$0000000B  c_w.l(libshutdown2.o)
    0x00000158   0x00000000   Code   RO         2661    .ARM.Collect$$libshutdown$$0000000E  c_w.l(libshutdown2.o)
    0x00000158   0x00000002   Code   RO         2662    .ARM.Collect$$libshutdown$$0000000F  c_w.l(libshutdown2.o)
    0x0000015a   0x00000000   Code   RO         2465    .ARM.Collect$$rtentry$$00000000  c_w.l(rtentry.o)
    0x0000015a   0x00000000   Code   RO         2568    .ARM.Collect$$rtentry$$00000002  c_w.l(rtentry2.o)
    0x0000015a   0x00000006   Code   RO         2580    .ARM.Collect$$rtentry$$00000004  c_w.l(rtentry4.o)
    0x00000160   0x00000000   Code   RO         2570    .ARM.Collect$$rtentry$$00000009  c_w.l(rtentry2.o)
    0x00000160   0x00000004   Code   RO         2571    .ARM.Collect$$rtentry$$0000000A  c_w.l(rtentry2.o)
    0x00000164   0x00000000   Code   RO         2573    .ARM.Collect$$rtentry$$0000000C  c_w.l(rtentry2.o)
    0x00000164   0x00000008   Code   RO         2574    .ARM.Collect$$rtentry$$0000000D  c_w.l(rtentry2.o)
    0x0000016c   0x00000002   Code   RO         2636    .ARM.Collect$$rtexit$$00000000  c_w.l(rtexit.o)
    0x0000016e   0x00000000   Code   RO         2666    .ARM.Collect$$rtexit$$00000002  c_w.l(rtexit2.o)
    0x0000016e   0x00000004   Code   RO         2667    .ARM.Collect$$rtexit$$00000003  c_w.l(rtexit2.o)
    0x00000172   0x00000006   Code   RO         2668    .ARM.Collect$$rtexit$$00000004  c_w.l(rtexit2.o)
    0x00000178   0x00000084   Code   RO          302    .emb_text           port.o
    0x000001fc   0x00000000   Code   RO         2586    .emb_text           c_w.l(maybetermalloc1.o)
    0x000001fc   0x00000044   Code   RO            4    .text               keil_freertos_startup_lpc17xx40xx.o
    0x00000240   0x0000005e   Code   RO         2334    .text               c_w.l(h1_alloc.o)
    0x0000029e   0x0000004e   Code   RO         2336    .text               c_w.l(h1_free.o)
    0x000002ec   0x000000ee   Code   RO         2392    .text               c_w.l(lludivv7m.o)
    0x000003da   0x00000002   PAD
    0x000003dc   0x00000018   Code   RO         2398    .text               c_w.l(noretval__2printf.o)
    0x000003f4   0x00000068   Code   RO         2402    .text               c_w.l(__printf.o)
    0x0000045c   0x00000078   Code   RO         2406    .text               c_w.l(_printf_dec.o)
    0x000004d4   0x00000010   Code   RO         2437    .text               c_w.l(aeabi_memset.o)
    0x000004e4   0x00000056   Code   RO         2439    .text               c_w.l(strncpy.o)
    0x0000053a   0x00000006   Code   RO         2441    .text               c_w.l(heapauxi.o)
    0x00000540   0x00000008   Code   RO         2473    .text               c_w.l(rt_heap_descriptor_intlibspace.o)
    0x00000548   0x00000004   Code   RO         2475    .text               c_w.l(hguard.o)
    0x0000054c   0x0000008a   Code   RO         2477    .text               c_w.l(init_alloc.o)
    0x000005d6   0x0000000e   Code   RO         2481    .text               c_w.l(h1_init.o)
    0x000005e4   0x000000b8   Code   RO         2495    .text               c_w.l(_printf_intcommon.o)
    0x0000069c   0x00000030   Code   RO         2497    .text               c_w.l(_printf_char_common.o)
    0x000006cc   0x00000024   Code   RO         2503    .text               c_w.l(_printf_char_file.o)
    0x000006f0   0x00000044   Code   RO         2508    .text               c_w.l(rt_memclr.o)
    0x00000734   0x00000008   Code   RO         2564    .text               c_w.l(libspace.o)
    0x0000073c   0x00000034   Code   RO         2588    .text               c_w.l(h1_extend.o)
    0x00000770   0x0000000e   Code   RO         2594    .text               c_w.l(defsig_rtmem_outer.o)
    0x0000077e   0x0000004e   Code   RO         2598    .text               c_w.l(rt_memclr_w.o)
    0x000007cc   0x00000002   Code   RO         2607    .text               c_w.l(use_no_semi.o)
    0x000007ce   0x00000000   Code   RO         2609    .text               c_w.l(indicate_semi.o)
    0x000007ce   0x0000004a   Code   RO         2610    .text               c_w.l(sys_stackheap_outer.o)
    0x00000818   0x0000000c   Code   RO         2616    .text               c_w.l(exit.o)
    0x00000824   0x0000000a   Code   RO         2618    .text               c_w.l(defsig_exit.o)
    0x0000082e   0x00000002   PAD
    0x00000830   0x00000050   Code   RO         2624    .text               c_w.l(defsig_rtmem_inner.o)
    0x00000880   0x00000032   Code   RO         2644    .text               c_w.l(defsig_general.o)
    0x000008b2   0x0000000e   Code   RO         2663    .text               c_w.l(sys_wrch.o)
    0x000008c0   0x00000024   Code   RO         1036    i.Board_Buttons_Init  board_lpc1766stk.o
    0x000008e4   0x00000030   Code   RO         1037    i.Board_Debug_Init  board_lpc1766stk.o
    0x00000914   0x00000030   Code   RO         1038    i.Board_Init        board_lpc1766stk.o
    0x00000944   0x0000002c   Code   RO         1039    i.Board_LED_Set     board_lpc1766stk.o
    0x00000970   0x00000018   Code   RO         1042    i.Board_UARTPutChar  board_lpc1766stk.o
    0x00000988   0x00000018   Code   RO         1319    i.Chip_Clock_DisablePLL  clock_17xx_40xx.o
    0x000009a0   0x00000018   Code   RO         1321    i.Chip_Clock_EnablePLL  clock_17xx_40xx.o
    0x000009b8   0x00000014   Code   RO         1322    i.Chip_Clock_EnablePeriphClock  clock_17xx_40xx.o
    0x000009cc   0x00000018   Code   RO         1323    i.Chip_Clock_FeedPLL  clock_17xx_40xx.o
    0x000009e4   0x00000010   Code   RO         1324    i.Chip_Clock_GetCPUClockDiv  clock_17xx_40xx.o
    0x000009f4   0x00000014   Code   RO         1325    i.Chip_Clock_GetCPUClockSource  clock_17xx_40xx.o
    0x00000a08   0x00000020   Code   RO         1326    i.Chip_Clock_GetMainClockRate  clock_17xx_40xx.o
    0x00000a28   0x00000038   Code   RO         1327    i.Chip_Clock_GetMainPllOutClockRate  clock_17xx_40xx.o
    0x00000a60   0x00000040   Code   RO         1328    i.Chip_Clock_GetPLCKDiv  clock_17xx_40xx.o
    0x00000aa0   0x00000016   Code   RO         1329    i.Chip_Clock_GetPeripheralClockRate  clock_17xx_40xx.o
    0x00000ab6   0x00000002   PAD
    0x00000ab8   0x00000030   Code   RO         1330    i.Chip_Clock_GetSYSCLKRate  clock_17xx_40xx.o
    0x00000ae8   0x00000012   Code   RO         1331    i.Chip_Clock_GetSystemClockRate  clock_17xx_40xx.o
    0x00000afa   0x00000002   PAD
    0x00000afc   0x0000000c   Code   RO         1337    i.Chip_Clock_SetCPUClockDiv  clock_17xx_40xx.o
    0x00000b08   0x00000014   Code   RO         1338    i.Chip_Clock_SetCPUClockSource  clock_17xx_40xx.o
    0x00000b1c   0x00000020   Code   RO         1341    i.Chip_Clock_SetupPLL  clock_17xx_40xx.o
    0x00000b3c   0x00000016   Code   RO         1047    i.Chip_GPIO_WriteDirBit  board_lpc1766stk.o
    0x00000b52   0x00000002   PAD
    0x00000b54   0x00000020   Code   RO         1048    i.Chip_GPIO_WritePortBit  board_lpc1766stk.o
    0x00000b74   0x00000032   Code   RO         1555    i.Chip_IOCON_PinMux  iocon_17xx_40xx.o
    0x00000ba6   0x00000002   PAD
    0x00000ba8   0x00000030   Code   RO         1707    i.Chip_UART_DetermineClk  uart_17xx_40xx.o
    0x00000bd8   0x0000003c   Code   RO         1710    i.Chip_UART_Get_UARTNum  uart_17xx_40xx.o
    0x00000c14   0x00000020   Code   RO         1711    i.Chip_UART_Init    uart_17xx_40xx.o
    0x00000c34   0x00000044   Code   RO         1718    i.Chip_UART_SetBaud  uart_17xx_40xx.o
    0x00000c78   0x00000018   Code   RO         1719    i.Chip_UART_TxCmd   uart_17xx_40xx.o
    0x00000c90   0x00000012   Code   RO         2213    i.IP_UART_ConfigData  usart_001.o
    0x00000ca2   0x00000048   Code   RO         2219    i.IP_UART_Init      usart_001.o
    0x00000cea   0x00000010   Code   RO         2225    i.IP_UART_SendByte  usart_001.o
    0x00000cfa   0x000000fc   Code   RO         2226    i.IP_UART_SetBaud   usart_001.o
    0x00000df6   0x00000010   Code   RO         2227    i.IP_UART_TxCmd     usart_001.o
    0x00000e06   0x00000002   PAD
    0x00000e08   0x000000bc   Code   RO          243    i.PWM1_IRQHandler   servodriver.o
    0x00000ec4   0x00000010   Code   RO         1049    i.SystemCoreClockUpdate  board_lpc1766stk.o
    0x00000ed4   0x00000044   Code   RO         1227    i.SystemInit        sysinit_lpc1766stk.o
    0x00000f18   0x00000064   Code   RO         1228    i.SystemSetupClocking  sysinit_lpc1766stk.o
    0x00000f7c   0x00000002   Code   RO         1050    i._sys_exit         board_lpc1766stk.o
    0x00000f7e   0x00000006   Code   RO         1052    i.ferror            board_lpc1766stk.o
    0x00000f84   0x0000000c   Code   RO         1054    i.fputc             board_lpc1766stk.o
    0x00000f90   0x0000008c   Code   RO           12    i.main              main.o
    0x0000101c   0x00000034   Code   RO          719    i.prvAddCurrentTaskToDelayedList  tasks.o
    0x00001050   0x00000054   Code   RO          720    i.prvCheckTasksWaitingTermination  tasks.o
    0x000010a4   0x00000024   Code   RO          721    i.prvGetExpectedIdleTime  tasks.o
    0x000010c8   0x00000038   Code   RO          722    i.prvIdleTask       tasks.o
    0x00001100   0x00000050   Code   RO          244    i.prv_vServoDriver_pwmInit  servodriver.o
    0x00001150   0x00000018   Code   RO          440    i.pvPortMalloc      heap_3.o
    0x00001168   0x0000001c   Code   RO          303    i.pxPortInitialiseStack  port.o
    0x00001184   0x00000026   Code   RO          526    i.uxListRemove      list.o
    0x000011aa   0x00000004   Code   RO          990    i.vApplicationIdleHook  freertoscommonhooks.o
    0x000011ae   0x00000016   Code   RO           13    i.vLEDTask1         main.o
    0x000011c4   0x00000016   Code   RO           14    i.vLEDTask2         main.o
    0x000011da   0x00000016   Code   RO          527    i.vListInitialise   list.o
    0x000011f0   0x00000006   Code   RO          528    i.vListInitialiseItem  list.o
    0x000011f6   0x00000030   Code   RO          529    i.vListInsert       list.o
    0x00001226   0x0000001c   Code   RO          530    i.vListInsertEnd    list.o
    0x00001242   0x00000002   PAD
    0x00001244   0x00000014   Code   RO          305    i.vPortEnterCritical  port.o
    0x00001258   0x00000014   Code   RO          306    i.vPortExitCritical  port.o
    0x0000126c   0x0000001a   Code   RO          441    i.vPortFree         heap_3.o
    0x00001286   0x00000002   PAD
    0x00001288   0x0000003c   Code   RO          307    i.vPortSetupTimerInterrupt  port.o
    0x000012c4   0x00000094   Code   RO          308    i.vPortSuppressTicksAndSleep  port.o
    0x00001358   0x00000010   Code   RO          309    i.vPortYieldFromISR  port.o
    0x00001368   0x00000024   Code   RO          245    i.vServoDriver_init  servodriver.o
    0x0000138c   0x00000034   Code   RO          729    i.vTaskDelay        tasks.o
    0x000013c0   0x000000a0   Code   RO          733    i.vTaskIncrementTick  tasks.o
    0x00001460   0x00000044   Code   RO          743    i.vTaskStartScheduler  tasks.o
    0x000014a4   0x00000010   Code   RO          744    i.vTaskStepTick     tasks.o
    0x000014b4   0x00000010   Code   RO          746    i.vTaskSuspendAll   tasks.o
    0x000014c4   0x0000004c   Code   RO          747    i.vTaskSwitchContext  tasks.o
    0x00001510   0x00000024   Code   RO           15    i.vUARTTask         main.o
    0x00001534   0x00000030   Code   RO          310    i.xPortStartScheduler  port.o
    0x00001564   0x00000030   Code   RO          311    i.xPortSysTickHandler  port.o
    0x00001594   0x00000168   Code   RO          749    i.xTaskGenericCreate  tasks.o
    0x000016fc   0x000000a8   Code   RO          755    i.xTaskResumeAll    tasks.o
    0x000017a4   0x00000018   Data   RO         1229    .constdata          sysinit_lpc1766stk.o
    0x000017bc   0x00000020   Data   RO         2691    Region$$Table       anon$$obj.o


    Execution Region RW_IRAM1 (Base: 0x10000000, Size: 0x00003490, Max: 0x00008000, ABSOLUTE)

    Base Addr    Size         Type   Attr      Idx    E Section Name        Object

    0x10000000   0x00000004   Data   RW          249    .data               servodriver.o
    0x10000004   0x00000010   Data   RW          312    .data               port.o
    0x10000014   0x0000003c   Data   RW          758    .data               tasks.o
    0x10000050   0x00000004   Data   RW         1055    .data               board_lpc1766stk.o
    0x10000054   0x00000004   Data   RW         1058    .data               board_lpc1766stk.o
    0x10000058   0x00000050   Zero   RW           16    .bss                main.o
    0x100000a8   0x00000050   Zero   RW          248    .bss                servodriver.o
    0x100000f8   0x00000138   Zero   RW          757    .bss                tasks.o
    0x10000230   0x00000060   Zero   RW         2565    .bss                c_w.l(libspace.o)
    0x10000290   0x00003000   Zero   RW            2    HEAP                keil_freertos_startup_lpc17xx40xx.o
    0x10003290   0x00000200   Zero   RW            1    STACK               keil_freertos_startup_lpc17xx40xx.o


==============================================================================

Image component sizes


      Code (inc. data)   RO Data    RW Data    ZI Data      Debug   Object Name

       290         30          0          8          0      16002   board_lpc1766stk.o
       432         68          0          0          0      12470   clock_17xx_40xx.o
         4          0          0          0          0        427   freertoscommonhooks.o
        50          0          0          0          0       2347   heap_3.o
        50          0          0          0          0        584   iocon_17xx_40xx.o
        68         28        204          0      12800        844   keil_freertos_startup_lpc17xx40xx.o
       142          0          0          0          0       2702   list.o
       220         60          0          0         80      81700   main.o
       520         64          0         16          0       5205   port.o
       304         44          0          4         80      43093   servodriver.o
       168         24         24          0          0       6069   sysinit_lpc1766stk.o
      1144         96          0         60        312      11674   tasks.o
       232         42          0          0          0       3259   uart_17xx_40xx.o
       374          0          0          0          0       3319   usart_001.o

    ----------------------------------------------------------------------
      4012        456        260         88      13272     189695   Object Totals
         0          0         32          0          0          0   (incl. Generated)
        14          0          0          0          0          0   (incl. Padding)

    ----------------------------------------------------------------------

      Code (inc. data)   RO Data    RW Data    ZI Data      Debug   Library Member Name

         8          0          0          0          0         68   __main.o
       104          0          0          0          0         84   __printf.o
        52          8          0          0          0          0   __scatter.o
        26          0          0          0          0          0   __scatter_copy.o
        28          0          0          0          0          0   __scatter_zi.o
        48          6          0          0          0         96   _printf_char_common.o
        36          4          0          0          0         80   _printf_char_file.o
         6          0          0          0          0          0   _printf_d.o
       120         18          0          0          0         92   _printf_dec.o
       184          0          0          0          0         88   _printf_intcommon.o
         0          0          0          0          0          0   _printf_percent.o
         4          0          0          0          0          0   _printf_percent_end.o
        16          0          0          0          0         68   aeabi_memset.o
        10          0          0          0          0         68   defsig_exit.o
        50          0          0          0          0         88   defsig_general.o
        80         58          0          0          0         76   defsig_rtmem_inner.o
        14          0          0          0          0         80   defsig_rtmem_outer.o
        12          0          0          0          0         72   exit.o
        94          0          0          0          0         80   h1_alloc.o
        52          0          0          0          0         68   h1_extend.o
        78          0          0          0          0         80   h1_free.o
        14          0          0          0          0         84   h1_init.o
         6          0          0          0          0        152   heapauxi.o
         4          0          0          0          0        136   hguard.o
         0          0          0          0          0          0   indicate_semi.o
       138          0          0          0          0        168   init_alloc.o
         2          0          0          0          0          0   libinit.o
        10          0          0          0          0          0   libinit2.o
         2          0          0          0          0          0   libshutdown.o
         2          0          0          0          0          0   libshutdown2.o
         8          4          0          0         96         68   libspace.o
       238          0          0          0          0        100   lludivv7m.o
         0          0          0          0          0          0   maybetermalloc1.o
        24          4          0          0          0         84   noretval__2printf.o
         8          4          0          0          0         68   rt_heap_descriptor_intlibspace.o
        68          0          0          0          0         68   rt_memclr.o
        78          0          0          0          0         80   rt_memclr_w.o
         0          0          0          0          0          0   rtentry.o
        12          0          0          0          0          0   rtentry2.o
         6          0          0          0          0          0   rtentry4.o
         2          0          0          0          0          0   rtexit.o
        10          0          0          0          0          0   rtexit2.o
        86          0          0          0          0         76   strncpy.o
        74          0          0          0          0         80   sys_stackheap_outer.o
        14          0          0          0          0         76   sys_wrch.o
         2          0          0          0          0         68   use_no_semi.o

    ----------------------------------------------------------------------
      1836        106          0          0         96       2496   Library Totals
         6          0          0          0          0          0   (incl. Padding)

    ----------------------------------------------------------------------

      Code (inc. data)   RO Data    RW Data    ZI Data      Debug   Library Name

      1830        106          0          0         96       2496   c_w.l

    ----------------------------------------------------------------------
      1836        106          0          0         96       2496   Library Totals

    ----------------------------------------------------------------------

==============================================================================


      Code (inc. data)   RO Data    RW Data    ZI Data      Debug   

      5848        562        260         88      13368     187043   Grand Totals
      5848        562        260         88      13368     187043   ELF Image Totals
      5848        562        260         88          0          0   ROM Totals

==============================================================================

    Total RO  Size (Code + RO Data)                 6108 (   5.96kB)
    Total RW  Size (RW Data + ZI Data)             13456 (  13.14kB)
    Total ROM Size (Code + RO Data + RW Data)       6196 (   6.05kB)

==============================================================================

